Archive member included to satisfy reference by file (symbol)

../Middlewares/ST/AI/Lib\NetworkRuntime700_CM4_GCC.a(ai_platform_interface.o)
                              X-CUBE-AI/App/network.o (ai_platform_get_weights_map)
../Middlewares/ST/AI/Lib\NetworkRuntime700_CM4_GCC.a(core_mem_manager.o)
                              ../Middlewares/ST/AI/Lib\NetworkRuntime700_CM4_GCC.a(ai_platform_interface.o) (core_mem_alloc)
../Middlewares/ST/AI/Lib\NetworkRuntime700_CM4_GCC.a(core_common.o)
                              ../Middlewares/ST/AI/Lib\NetworkRuntime700_CM4_GCC.a(ai_platform_interface.o) (core_init)
../Middlewares/ST/AI/Lib\NetworkRuntime700_CM4_GCC.a(layers_conv2d_generic_float.o)
                              X-CUBE-AI/App/network.o (forward_dense)
../Middlewares/ST/AI/Lib\NetworkRuntime700_CM4_GCC.a(layers_nl_generic_float.o)
                              X-CUBE-AI/App/network.o (forward_sigmoid)
../Middlewares/ST/AI/Lib\NetworkRuntime700_CM4_GCC.a(layers.o)
                              ../Middlewares/ST/AI/Lib\NetworkRuntime700_CM4_GCC.a(ai_platform_interface.o) (ai_check_custom_types)
../Middlewares/ST/AI/Lib\NetworkRuntime700_CM4_GCC.a(arm_mat_init_f32.o)
                              ../Middlewares/ST/AI/Lib\NetworkRuntime700_CM4_GCC.a(layers_conv2d_generic_float.o) (st_dsp_arm_mat_init_f32)
../Middlewares/ST/AI/Lib\NetworkRuntime700_CM4_GCC.a(ai_datatypes_format.o)
                              ../Middlewares/ST/AI/Lib\NetworkRuntime700_CM4_GCC.a(ai_platform_interface.o) (ai_array_to_buffer_fmt)
../Middlewares/ST/AI/Lib\NetworkRuntime700_CM4_GCC.a(ai_math_helpers.o)
                              ../Middlewares/ST/AI/Lib\NetworkRuntime700_CM4_GCC.a(layers_nl_generic_float.o) (ai_math_sqrt)
../Middlewares/ST/AI/Lib\NetworkRuntime700_CM4_GCC.a(st_convolve_reference.o)
                              ../Middlewares/ST/AI/Lib\NetworkRuntime700_CM4_GCC.a(ai_math_helpers.o) (align_factor)
c:/st/stm32cubeide_1.4.0/stm32cubeide/plugins/com.st.stm32cube.ide.mcu.externaltools.gnu-tools-for-stm32.9-2020-q2-update.win32_1.5.0.202011040924/tools/bin/../lib/gcc/arm-none-eabi/9.3.1/../../../../arm-none-eabi/lib/thumb/v7e-m+fp/hard\libc_nano.a(lib_a-errno.o)
                              Core/Src/sysmem.o (__errno)
c:/st/stm32cubeide_1.4.0/stm32cubeide/plugins/com.st.stm32cube.ide.mcu.externaltools.gnu-tools-for-stm32.9-2020-q2-update.win32_1.5.0.202011040924/tools/bin/../lib/gcc/arm-none-eabi/9.3.1/../../../../arm-none-eabi/lib/thumb/v7e-m+fp/hard\libc_nano.a(lib_a-exit.o)
                              c:/st/stm32cubeide_1.4.0/stm32cubeide/plugins/com.st.stm32cube.ide.mcu.externaltools.gnu-tools-for-stm32.9-2020-q2-update.win32_1.5.0.202011040924/tools/bin/../lib/gcc/arm-none-eabi/9.3.1/../../../../arm-none-eabi/lib/thumb/v7e-m+fp/hard/crt0.o (exit)
c:/st/stm32cubeide_1.4.0/stm32cubeide/plugins/com.st.stm32cube.ide.mcu.externaltools.gnu-tools-for-stm32.9-2020-q2-update.win32_1.5.0.202011040924/tools/bin/../lib/gcc/arm-none-eabi/9.3.1/../../../../arm-none-eabi/lib/thumb/v7e-m+fp/hard\libc_nano.a(lib_a-impure.o)
                              c:/st/stm32cubeide_1.4.0/stm32cubeide/plugins/com.st.stm32cube.ide.mcu.externaltools.gnu-tools-for-stm32.9-2020-q2-update.win32_1.5.0.202011040924/tools/bin/../lib/gcc/arm-none-eabi/9.3.1/../../../../arm-none-eabi/lib/thumb/v7e-m+fp/hard\libc_nano.a(lib_a-exit.o) (_global_impure_ptr)
c:/st/stm32cubeide_1.4.0/stm32cubeide/plugins/com.st.stm32cube.ide.mcu.externaltools.gnu-tools-for-stm32.9-2020-q2-update.win32_1.5.0.202011040924/tools/bin/../lib/gcc/arm-none-eabi/9.3.1/../../../../arm-none-eabi/lib/thumb/v7e-m+fp/hard\libc_nano.a(lib_a-init.o)
                              c:/st/stm32cubeide_1.4.0/stm32cubeide/plugins/com.st.stm32cube.ide.mcu.externaltools.gnu-tools-for-stm32.9-2020-q2-update.win32_1.5.0.202011040924/tools/bin/../lib/gcc/arm-none-eabi/9.3.1/../../../../arm-none-eabi/lib/thumb/v7e-m+fp/hard/crt0.o (__libc_init_array)
c:/st/stm32cubeide_1.4.0/stm32cubeide/plugins/com.st.stm32cube.ide.mcu.externaltools.gnu-tools-for-stm32.9-2020-q2-update.win32_1.5.0.202011040924/tools/bin/../lib/gcc/arm-none-eabi/9.3.1/../../../../arm-none-eabi/lib/thumb/v7e-m+fp/hard\libc_nano.a(lib_a-malloc.o)
                              ../Middlewares/ST/AI/Lib\NetworkRuntime700_CM4_GCC.a(core_mem_manager.o) (malloc)
c:/st/stm32cubeide_1.4.0/stm32cubeide/plugins/com.st.stm32cube.ide.mcu.externaltools.gnu-tools-for-stm32.9-2020-q2-update.win32_1.5.0.202011040924/tools/bin/../lib/gcc/arm-none-eabi/9.3.1/../../../../arm-none-eabi/lib/thumb/v7e-m+fp/hard\libc_nano.a(lib_a-memcpy-stub.o)
                              X-CUBE-AI/App/network.o (memcpy)
c:/st/stm32cubeide_1.4.0/stm32cubeide/plugins/com.st.stm32cube.ide.mcu.externaltools.gnu-tools-for-stm32.9-2020-q2-update.win32_1.5.0.202011040924/tools/bin/../lib/gcc/arm-none-eabi/9.3.1/../../../../arm-none-eabi/lib/thumb/v7e-m+fp/hard\libc_nano.a(lib_a-memset.o)
[...]
Memory Configuration

Name             Origin             Length             Attributes
RAM              0x0000000020000000 0x0000000000018000 xrw
RAM2             0x0000000010000000 0x0000000000008000 xrw
FLASH            0x0000000008000000 0x0000000000100000 xr
*default*        0x0000000000000000 0xffffffffffffffff

Linker script and memory map

LOAD c:/st/stm32cubeide_1.4.0/stm32cubeide/plugins/com.st.stm32cube.ide.mcu.externaltools.gnu-tools-for-stm32.9-2020-q2-update.win32_1.5.0.202011040924/tools/bin/../lib/gcc/arm-none-eabi/9.3.1/thumb/v7e-m+fp/hard/crti.o
LOAD c:/st/stm32cubeide_1.4.0/stm32cubeide/plugins/com.st.stm32cube.ide.mcu.externaltools.gnu-tools-for-stm32.9-2020-q2-update.win32_1.5.0.202011040924/tools/bin/../lib/gcc/arm-none-eabi/9.3.1/thumb/v7e-m+fp/hard/crtbegin.o
LOAD c:/st/stm32cubeide_1.4.0/stm32cubeide/plugins/com.st.stm32cube.ide.mcu.externaltools.gnu-tools-for-stm32.9-2020-q2-update.win32_1.5.0.202011040924/tools/bin/../lib/gcc/arm-none-eabi/9.3.1/../../../../arm-none-eabi/lib/thumb/v7e-m+fp/hard/crt0.o
LOAD Core/Src/adc.o
LOAD Core/Src/ai_sharp_sensor.o
LOAD Core/Src/crc.o
LOAD Core/Src/dma.o
LOAD Core/Src/gpio.o
LOAD Core/Src/main.o
LOAD Core/Src/stm32l4xx_hal_msp.o
LOAD Core/Src/stm32l4xx_it.o
LOAD Core/Src/sysmem.o
LOAD Core/Src/system_stm32l4xx.o
LOAD Core/Src/tim.o
LOAD Core/Src/usart.o
LOAD Core/Startup/startup_stm32l476rgtx.o
LOAD Drivers/STM32L4xx_HAL_Driver/Src/stm32l4xx_hal.o
LOAD Drivers/STM32L4xx_HAL_Driver/Src/stm32l4xx_hal_adc.o
LOAD Drivers/STM32L4xx_HAL_Driver/Src/stm32l4xx_hal_adc_ex.o
LOAD Drivers/STM32L4xx_HAL_Driver/Src/stm32l4xx_hal_cortex.o
LOAD Drivers/STM32L4xx_HAL_Driver/Src/stm32l4xx_hal_crc.o
LOAD Drivers/STM32L4xx_HAL_Driver/Src/stm32l4xx_hal_crc_ex.o
LOAD Drivers/STM32L4xx_HAL_Driver/Src/stm32l4xx_hal_dma.o
LOAD Drivers/STM32L4xx_HAL_Driver/Src/stm32l4xx_hal_dma_ex.o
LOAD Drivers/STM32L4xx_HAL_Driver/Src/stm32l4xx_hal_exti.o
LOAD Drivers/STM32L4xx_HAL_Driver/Src/stm32l4xx_hal_flash.o
LOAD Drivers/STM32L4xx_HAL_Driver/Src/stm32l4xx_hal_flash_ex.o
LOAD Drivers/STM32L4xx_HAL_Driver/Src/stm32l4xx_hal_flash_ramfunc.o
LOAD Drivers/STM32L4xx_HAL_Driver/Src/stm32l4xx_hal_gpio.o
LOAD Drivers/STM32L4xx_HAL_Driver/Src/stm32l4xx_hal_i2c.o
LOAD Drivers/STM32L4xx_HAL_Driver/Src/stm32l4xx_hal_i2c_ex.o
LOAD Drivers/STM32L4xx_HAL_Driver/Src/stm32l4xx_hal_pwr.o
LOAD Drivers/STM32L4xx_HAL_Driver/Src/stm32l4xx_hal_pwr_ex.o
LOAD Drivers/STM32L4xx_HAL_Driver/Src/stm32l4xx_hal_rcc.o
LOAD Drivers/STM32L4xx_HAL_Driver/Src/stm32l4xx_hal_rcc_ex.o
LOAD Drivers/STM32L4xx_HAL_Driver/Src/stm32l4xx_hal_tim.o
LOAD Drivers/STM32L4xx_HAL_Driver/Src/stm32l4xx_hal_tim_ex.o
LOAD Drivers/STM32L4xx_HAL_Driver/Src/stm32l4xx_hal_uart.o
LOAD Drivers/STM32L4xx_HAL_Driver/Src/stm32l4xx_hal_uart_ex.o
LOAD X-CUBE-AI/App/app_x-cube-ai.o
LOAD X-CUBE-AI/App/network.o
LOAD X-CUBE-AI/App/network_data.o
LOAD ../Middlewares/ST/AI/Lib\NetworkRuntime700_CM4_GCC.a
START GROUP
LOAD ../Middlewares/ST/AI/Lib\NetworkRuntime700_CM4_GCC.a
END GROUP
START GROUP
LOAD c:/st/stm32cubeide_1.4.0/stm32cubeide/plugins/com.st.stm32cube.ide.mcu.externaltools.gnu-tools-for-stm32.9-2020-q2-update.win32_1.5.0.202011040924/tools/bin/../lib/gcc/arm-none-eabi/9.3.1/../../../../arm-none-eabi/lib/thumb/v7e-m+fp/hard\libc_nano.a
LOAD c:/st/stm32cubeide_1.4.0/stm32cubeide/plugins/com.st.stm32cube.ide.mcu.externaltools.gnu-tools-for-stm32.9-2020-q2-update.win32_1.5.0.202011040924/tools/bin/../lib/gcc/arm-none-eabi/9.3.1/../../../../arm-none-eabi/lib/thumb/v7e-m+fp/hard\libm.a
END GROUP
START GROUP
LOAD c:/st/stm32cubeide_1.4.0/stm32cubeide/plugins/com.st.stm32cube.ide.mcu.externaltools.gnu-tools-for-stm32.9-2020-q2-update.win32_1.5.0.202011040924/tools/bin/../lib/gcc/arm-none-eabi/9.3.1/thumb/v7e-m+fp/hard\libgcc.a
LOAD c:/st/stm32cubeide_1.4.0/stm32cubeide/plugins/com.st.stm32cube.ide.mcu.externaltools.gnu-tools-for-stm32.9-2020-q2-update.win32_1.5.0.202011040924/tools/bin/../lib/gcc/arm-none-eabi/9.3.1/../../../../arm-none-eabi/lib/thumb/v7e-m+fp/hard\libc_nano.a
END GROUP
START GROUP
LOAD c:/st/stm32cubeide_1.4.0/stm32cubeide/plugins/com.st.stm32cube.ide.mcu.externaltools.gnu-tools-for-stm32.9-2020-q2-update.win32_1.5.0.202011040924/tools/bin/../lib/gcc/arm-none-eabi/9.3.1/thumb/v7e-m+fp/hard\libgcc.a
LOAD c:/st/stm32cubeide_1.4.0/stm32cubeide/plugins/com.st.stm32cube.ide.mcu.externaltools.gnu-tools-for-stm32.9-2020-q2-update.win32_1.5.0.202011040924/tools/bin/../lib/gcc/arm-none-eabi/9.3.1/../../../../arm-none-eabi/lib/thumb/v7e-m+fp/hard\libc_nano.a
LOAD c:/st/stm32cubeide_1.4.0/stm32cubeide/plugins/com.st.stm32cube.ide.mcu.externaltools.gnu-tools-for-stm32.9-2020-q2-update.win32_1.5.0.202011040924/tools/bin/../lib/gcc/arm-none-eabi/9.3.1/../../../../arm-none-eabi/lib/thumb/v7e-m+fp/hard\libnosys.a
END GROUP
START GROUP
LOAD c:/st/stm32cubeide_1.4.0/stm32cubeide/plugins/com.st.stm32cube.ide.mcu.externaltools.gnu-tools-for-stm32.9-2020-q2-update.win32_1.5.0.202011040924/tools/bin/../lib/gcc/arm-none-eabi/9.3.1/thumb/v7e-m+fp/hard\libgcc.a
LOAD c:/st/stm32cubeide_1.4.0/stm32cubeide/plugins/com.st.stm32cube.ide.mcu.externaltools.gnu-tools-for-stm32.9-2020-q2-update.win32_1.5.0.202011040924/tools/bin/../lib/gcc/arm-none-eabi/9.3.1/../../../../arm-none-eabi/lib/thumb/v7e-m+fp/hard\libc_nano.a
LOAD c:/st/stm32cubeide_1.4.0/stm32cubeide/plugins/com.st.stm32cube.ide.mcu.externaltools.gnu-tools-for-stm32.9-2020-q2-update.win32_1.5.0.202011040924/tools/bin/../lib/gcc/arm-none-eabi/9.3.1/../../../../arm-none-eabi/lib/thumb/v7e-m+fp/hard\libnosys.a
END GROUP
LOAD c:/st/stm32cubeide_1.4.0/stm32cubeide/plugins/com.st.stm32cube.ide.mcu.externaltools.gnu-tools-for-stm32.9-2020-q2-update.win32_1.5.0.202011040924/tools/bin/../lib/gcc/arm-none-eabi/9.3.1/thumb/v7e-m+fp/hard/crtend.o
LOAD c:/st/stm32cubeide_1.4.0/stm32cubeide/plugins/com.st.stm32cube.ide.mcu.externaltools.gnu-tools-for-stm32.9-2020-q2-update.win32_1.5.0.202011040924/tools/bin/../lib/gcc/arm-none-eabi/9.3.1/thumb/v7e-m+fp/hard/crtn.o
                0x0000000020018000                _estack = (ORIGIN (RAM) + LENGTH (RAM))
                0x0000000000000800                _Min_Heap_Size = 0x800
                0x0000000000000800                _Min_Stack_Size = 0x800

.isr_vector     0x0000000008000000      0x188
                0x0000000008000000                . = ALIGN (0x4)
 *(.isr_vector)
 .isr_vector    0x0000000008000000      0x188 Core/Startup/startup_stm32l476rgtx.o
                0x0000000008000000                g_pfnVectors
                0x0000000008000188                . = ALIGN (0x4)

.text           0x0000000008000190     0xa024
                0x0000000008000190                . = ALIGN (0x4)
 *(.text)
 .text          0x0000000008000190       0x40 c:/st/stm32cubeide_1.4.0/stm32cubeide/plugins/com.st.stm32cube.ide.mcu.externaltools.gnu-tools-for-stm32.9-2020-q2-update.win32_1.5.0.202011040924/tools/bin/../lib/gcc/arm-none-eabi/9.3.1/thumb/v7e-m+fp/hard/crtbegin.o
 .text          0x00000000080001d0       0xa0 c:/st/stm32cubeide_1.4.0/stm32cubeide/plugins/com.st.stm32cube.ide.mcu.externaltools.gnu-tools-for-stm32.9-2020-q2-update.win32_1.5.0.202011040924/tools/bin/../lib/gcc/arm-none-eabi/9.3.1/../../../../arm-none-eabi/lib/thumb/v7e-m+fp/hard\libc_nano.a(lib_a-memchr.o)
                0x00000000080001d0                memchr
 .text          0x0000000008000270      0x378 c:/st/stm32cubeide_1.4.0/stm32cubeide/plugins/com.st.stm32cube.ide.mcu.externaltools.gnu-tools-for-stm32.9-2020-q2-update.win32_1.5.0.202011040924/tools/bin/../lib/gcc/arm-none-eabi/9.3.1/thumb/v7e-m+fp/hard\libgcc.a(_arm_addsubdf3.o)
                0x0000000008000270                __aeabi_drsub
                0x0000000008000278                __aeabi_dsub
                0x0000000008000278                __subdf3
                0x000000000800027c                __aeabi_dadd
                0x000000000800027c                __adddf3
                0x00000000080004f4                __floatunsidf
                0x00000000080004f4                __aeabi_ui2d
                0x0000000008000514                __floatsidf
                0x0000000008000514                __aeabi_i2d
                0x0000000008000538                __aeabi_f2d
                0x0000000008000538                __extendsfdf2
                0x000000000800057c                __floatundidf
                0x000000000800057c                __aeabi_ul2d
                0x000000000800058c                __floatdidf
                0x000000000800058c                __aeabi_l2d
 .text          0x00000000080005e8      0x110 c:/st/stm32cubeide_1.4.0/stm32cubeide/plugins/com.st.stm32cube.ide.mcu.externaltools.gnu-tools-for-stm32.9-2020-q2-update.win32_1.5.0.202011040924/tools/bin/../lib/gcc/arm-none-eabi/9.3.1/thumb/v7e-m+fp/hard\libgcc.a(_arm_cmpdf2.o)
                0x00000000080005e8                __gtdf2
                0x00000000080005e8                __gedf2
                0x00000000080005f0                __ltdf2
                0x00000000080005f0                __ledf2
                0x00000000080005f8                __nedf2
                0x00000000080005f8                __eqdf2
                0x00000000080005f8                __cmpdf2
                0x0000000008000674                __aeabi_cdrcmple
                0x0000000008000684                __aeabi_cdcmpeq
                0x0000000008000684                __aeabi_cdcmple
                0x0000000008000694                __aeabi_dcmpeq
                0x00000000080006a8                __aeabi_dcmplt
                0x00000000080006bc                __aeabi_dcmple
                0x00000000080006d0                __aeabi_dcmpge
                0x00000000080006e4                __aeabi_dcmpgt
 .text          0x00000000080006f8       0x30 c:/st/stm32cubeide_1.4.0/stm32cubeide/plugins/com.st.stm32cube.ide.mcu.externaltools.gnu-tools-for-stm32.9-2020-q2-update.win32_1.5.0.202011040924/tools/bin/../lib/gcc/arm-none-eabi/9.3.1/thumb/v7e-m+fp/hard\libgcc.a(_aeabi_uldivmod.o)
                0x00000000080006f8                __aeabi_uldivmod
 .text          0x0000000008000728      0x2c4 c:/st/stm32cubeide_1.4.0/stm32cubeide/plugins/com.st.stm32cube.ide.mcu.externaltools.gnu-tools-for-stm32.9-2020-q2-update.win32_1.5.0.202011040924/tools/bin/../lib/gcc/arm-none-eabi/9.3.1/thumb/v7e-m+fp/hard\libgcc.a(_udivmoddi4.o)
                0x0000000008000728                __udivmoddi4
 .text          0x00000000080009ec        0x4 c:/st/stm32cubeide_1.4.0/stm32cubeide/plugins/com.st.stm32cube.ide.mcu.externaltools.gnu-tools-for-stm32.9-2020-q2-update.win32_1.5.0.202011040924/tools/bin/../lib/gcc/arm-none-eabi/9.3.1/thumb/v7e-m+fp/hard\libgcc.a(_dvmd_tls.o)
                0x00000000080009ec                __aeabi_idiv0
                0x00000000080009ec                __aeabi_ldiv0
 *(.text*)
 .text.MX_ADC1_Init
                0x00000000080009f0       0xf0 Core/Src/adc.o
                0x00000000080009f0                MX_ADC1_Init
 .text.HAL_ADC_MspInit
                0x0000000008000ae0       0xdc Core/Src/adc.o
                0x0000000008000ae0                HAL_ADC_MspInit
 .text.LED_brightness_control
                0x0000000008000bbc       0xa4 Core/Src/ai_sharp_sensor.o
                0x0000000008000bbc                LED_brightness_control
 .text.ADC_start_data_measurement
                0x0000000008000c60       0x24 Core/Src/ai_sharp_sensor.o
                0x0000000008000c60                ADC_start_data_measurement
 .text.HAL_ADC_ConvCpltCallback
                0x0000000008000c84       0x50 Core/Src/ai_sharp_sensor.o
                0x0000000008000c84                HAL_ADC_ConvCpltCallback
 .text.HAL_GPIO_EXTI_Callback
                0x0000000008000cd4       0x28 Core/Src/ai_sharp_sensor.o
                0x0000000008000cd4                HAL_GPIO_EXTI_Callback
 .text.MX_CRC_Init
                0x0000000008000cfc       0x44 Core/Src/crc.o
                0x0000000008000cfc                MX_CRC_Init
 .text.HAL_CRC_MspInit
                0x0000000008000d40       0x40 Core/Src/crc.o
                0x0000000008000d40                HAL_CRC_MspInit
 .text.MX_DMA_Init
                0x0000000008000d80       0x3c Core/Src/dma.o
                0x0000000008000d80                MX_DMA_Init
 .text.MX_GPIO_Init
                0x0000000008000dbc       0xe0 Core/Src/gpio.o
                0x0000000008000dbc                MX_GPIO_Init
 .text.main     0x0000000008000e9c       0x48 Core/Src/main.o
                0x0000000008000e9c                main
 .text.SystemClock_Config
                0x0000000008000ee4      0x110 Core/Src/main.o
                0x0000000008000ee4                SystemClock_Config
 .text.Error_Handler
                0x0000000008000ff4        0xa Core/Src/main.o
                0x0000000008000ff4                Error_Handler
 *fill*         0x0000000008000ffe        0x2 
 .text.HAL_MspInit
                0x0000000008001000       0x48 Core/Src/stm32l4xx_hal_msp.o
                0x0000000008001000                HAL_MspInit
 .text.NMI_Handler
                0x0000000008001048        0x6 Core/Src/stm32l4xx_it.o
                0x0000000008001048                NMI_Handler
 .text.HardFault_Handler
                0x000000000800104e        0x6 Core/Src/stm32l4xx_it.o
                0x000000000800104e                HardFault_Handler
 .text.MemManage_Handler
                0x0000000008001054        0x6 Core/Src/stm32l4xx_it.o
                0x0000000008001054                MemManage_Handler
 .text.BusFault_Handler
                0x000000000800105a        0x6 Core/Src/stm32l4xx_it.o
                0x000000000800105a                BusFault_Handler
 .text.UsageFault_Handler
                0x0000000008001060        0x6 Core/Src/stm32l4xx_it.o
                0x0000000008001060                UsageFault_Handler
 .text.SVC_Handler
                0x0000000008001066        0xe Core/Src/stm32l4xx_it.o
                0x0000000008001066                SVC_Handler
 .text.DebugMon_Handler
                0x0000000008001074        0xe Core/Src/stm32l4xx_it.o
                0x0000000008001074                DebugMon_Handler
 .text.PendSV_Handler
                0x0000000008001082        0xe Core/Src/stm32l4xx_it.o
                0x0000000008001082                PendSV_Handler
 .text.SysTick_Handler
                0x0000000008001090        0xc Core/Src/stm32l4xx_it.o
                0x0000000008001090                SysTick_Handler
 .text.DMA1_Channel1_IRQHandler
                0x000000000800109c       0x14 Core/Src/stm32l4xx_it.o
                0x000000000800109c                DMA1_Channel1_IRQHandler
 .text.EXTI15_10_IRQHandler
                0x00000000080010b0       0x10 Core/Src/stm32l4xx_it.o
                0x00000000080010b0                EXTI15_10_IRQHandler
 .text._sbrk    0x00000000080010c0       0x6c Core/Src/sysmem.o
                0x00000000080010c0                _sbrk
 .text.SystemInit
                0x000000000800112c       0x6c Core/Src/system_stm32l4xx.o
                0x000000000800112c                SystemInit
 .text.MX_TIM1_Init
                0x0000000008001198      0x120 Core/Src/tim.o
                0x0000000008001198                MX_TIM1_Init
 .text.MX_TIM3_Init
                0x00000000080012b8       0xa0 Core/Src/tim.o
                0x00000000080012b8                MX_TIM3_Init
 .text.HAL_TIM_PWM_MspInit
                0x0000000008001358       0x40 Core/Src/tim.o
                0x0000000008001358                HAL_TIM_PWM_MspInit
 .text.HAL_TIM_Base_MspInit
                0x0000000008001398       0x40 Core/Src/tim.o
                0x0000000008001398                HAL_TIM_Base_MspInit
 .text.HAL_TIM_MspPostInit
                0x00000000080013d8       0x70 Core/Src/tim.o
                0x00000000080013d8                HAL_TIM_MspPostInit
 .text.MX_USART2_UART_Init
                0x0000000008001448       0x60 Core/Src/usart.o
                0x0000000008001448                MX_USART2_UART_Init
 .text.HAL_UART_MspInit
                0x00000000080014a8       0x84 Core/Src/usart.o
                0x00000000080014a8                HAL_UART_MspInit
 .text.Reset_Handler
                0x000000000800152c       0x50 Core/Startup/startup_stm32l476rgtx.o
                0x000000000800152c                Reset_Handler
 .text.Default_Handler
                0x000000000800157c        0x2 Core/Startup/startup_stm32l476rgtx.o
                0x000000000800157c                RTC_Alarm_IRQHandler
                0x000000000800157c                EXTI2_IRQHandler
                0x000000000800157c                TIM8_TRG_COM_IRQHandler
                0x000000000800157c                TIM8_CC_IRQHandler
                0x000000000800157c                TIM1_CC_IRQHandler
                0x000000000800157c                TSC_IRQHandler
                0x000000000800157c                TAMP_STAMP_IRQHandler
                0x000000000800157c                EXTI3_IRQHandler
                0x000000000800157c                LPTIM2_IRQHandler
                0x000000000800157c                DFSDM1_FLT1_IRQHandler
                0x000000000800157c                I2C3_ER_IRQHandler
                0x000000000800157c                DFSDM1_FLT2_IRQHandler
                0x000000000800157c                EXTI0_IRQHandler
                0x000000000800157c                I2C2_EV_IRQHandler
                0x000000000800157c                CAN1_RX0_IRQHandler
                0x000000000800157c                FPU_IRQHandler
                0x000000000800157c                TIM1_UP_TIM16_IRQHandler
                0x000000000800157c                ADC1_2_IRQHandler
                0x000000000800157c                SPI1_IRQHandler
                0x000000000800157c                TIM6_DAC_IRQHandler
                0x000000000800157c                TIM8_UP_IRQHandler
                0x000000000800157c                DMA2_Channel2_IRQHandler
                0x000000000800157c                DMA1_Channel4_IRQHandler
                0x000000000800157c                SAI2_IRQHandler
                0x000000000800157c                DFSDM1_FLT3_IRQHandler
                0x000000000800157c                USART3_IRQHandler
                0x000000000800157c                DMA1_Channel7_IRQHandler
                0x000000000800157c                CAN1_RX1_IRQHandler
                0x000000000800157c                LCD_IRQHandler
                0x000000000800157c                UART5_IRQHandler
                0x000000000800157c                ADC3_IRQHandler
                0x000000000800157c                TIM4_IRQHandler
                0x000000000800157c                DMA2_Channel1_IRQHandler
                0x000000000800157c                QUADSPI_IRQHandler
                0x000000000800157c                I2C1_EV_IRQHandler
                0x000000000800157c                DMA1_Channel6_IRQHandler
                0x000000000800157c                UART4_IRQHandler
                0x000000000800157c                DMA2_Channel4_IRQHandler
                0x000000000800157c                TIM3_IRQHandler
                0x000000000800157c                RCC_IRQHandler
                0x000000000800157c                Default_Handler
                0x000000000800157c                DMA2_Channel7_IRQHandler
                0x000000000800157c                TIM7_IRQHandler
                0x000000000800157c                SDMMC1_IRQHandler
                0x000000000800157c                TIM5_IRQHandler
                0x000000000800157c                I2C3_EV_IRQHandler
                0x000000000800157c                EXTI9_5_IRQHandler
                0x000000000800157c                RTC_WKUP_IRQHandler
                0x000000000800157c                PVD_PVM_IRQHandler
                0x000000000800157c                SPI2_IRQHandler
                0x000000000800157c                CAN1_TX_IRQHandler
                0x000000000800157c                DMA2_Channel5_IRQHandler
                0x000000000800157c                DMA1_Channel5_IRQHandler
                0x000000000800157c                EXTI4_IRQHandler
                0x000000000800157c                RNG_IRQHandler
                0x000000000800157c                TIM1_TRG_COM_TIM17_IRQHandler
                0x000000000800157c                DMA1_Channel3_IRQHandler
                0x000000000800157c                COMP_IRQHandler
                0x000000000800157c                WWDG_IRQHandler
                0x000000000800157c                LPUART1_IRQHandler
                0x000000000800157c                DMA2_Channel6_IRQHandler
                0x000000000800157c                TIM2_IRQHandler
                0x000000000800157c                EXTI1_IRQHandler
                0x000000000800157c                USART2_IRQHandler
                0x000000000800157c                DFSDM1_FLT0_IRQHandler
                0x000000000800157c                I2C2_ER_IRQHandler
                0x000000000800157c                DMA1_Channel2_IRQHandler
                0x000000000800157c                TIM8_BRK_IRQHandler
                0x000000000800157c                CAN1_SCE_IRQHandler
                0x000000000800157c                FLASH_IRQHandler
                0x000000000800157c                USART1_IRQHandler
                0x000000000800157c                OTG_FS_IRQHandler
                0x000000000800157c                SPI3_IRQHandler
                0x000000000800157c                I2C1_ER_IRQHandler
                0x000000000800157c                FMC_IRQHandler
                0x000000000800157c                SWPMI1_IRQHandler
                0x000000000800157c                LPTIM1_IRQHandler
                0x000000000800157c                SAI1_IRQHandler
                0x000000000800157c                DMA2_Channel3_IRQHandler
                0x000000000800157c                TIM1_BRK_TIM15_IRQHandler
 *fill*         0x000000000800157e        0x2 
 .text.HAL_Init
                0x0000000008001580       0x40 Drivers/STM32L4xx_HAL_Driver/Src/stm32l4xx_hal.o
                0x0000000008001580                HAL_Init
 .text.HAL_InitTick
                0x00000000080015c0       0x78 Drivers/STM32L4xx_HAL_Driver/Src/stm32l4xx_hal.o
                0x00000000080015c0                HAL_InitTick
 .text.HAL_IncTick
                0x0000000008001638       0x28 Drivers/STM32L4xx_HAL_Driver/Src/stm32l4xx_hal.o
                0x0000000008001638                HAL_IncTick
 .text.HAL_GetTick
                0x0000000008001660       0x18 Drivers/STM32L4xx_HAL_Driver/Src/stm32l4xx_hal.o
                0x0000000008001660                HAL_GetTick
 .text.LL_ADC_SetCommonClock
                0x0000000008001678       0x26 Drivers/STM32L4xx_HAL_Driver/Src/stm32l4xx_hal_adc.o
 .text.LL_ADC_SetCommonPathInternalCh
                0x000000000800169e       0x26 Drivers/STM32L4xx_HAL_Driver/Src/stm32l4xx_hal_adc.o
 .text.LL_ADC_GetCommonPathInternalCh
                0x00000000080016c4       0x1c Drivers/STM32L4xx_HAL_Driver/Src/stm32l4xx_hal_adc.o
 .text.LL_ADC_SetOffset
                0x00000000080016e0       0x48 Drivers/STM32L4xx_HAL_Driver/Src/stm32l4xx_hal_adc.o
 .text.LL_ADC_GetOffsetChannel
                0x0000000008001728       0x2c Drivers/STM32L4xx_HAL_Driver/Src/stm32l4xx_hal_adc.o
 .text.LL_ADC_SetOffsetState
                0x0000000008001754       0x36 Drivers/STM32L4xx_HAL_Driver/Src/stm32l4xx_hal_adc.o
 .text.LL_ADC_REG_IsTriggerSourceSWStart
                0x000000000800178a       0x26 Drivers/STM32L4xx_HAL_Driver/Src/stm32l4xx_hal_adc.o
 .text.LL_ADC_REG_SetSequencerRanks
                0x00000000080017b0       0x58 Drivers/STM32L4xx_HAL_Driver/Src/stm32l4xx_hal_adc.o
 .text.LL_ADC_SetChannelSamplingTime
                0x0000000008001808       0x56 Drivers/STM32L4xx_HAL_Driver/Src/stm32l4xx_hal_adc.o
 *fill*         0x000000000800185e        0x2 
 .text.LL_ADC_SetChannelSingleDiff
                0x0000000008001860       0x48 Drivers/STM32L4xx_HAL_Driver/Src/stm32l4xx_hal_adc.o
 .text.LL_ADC_GetMultimode
                0x00000000080018a8       0x1c Drivers/STM32L4xx_HAL_Driver/Src/stm32l4xx_hal_adc.o
 .text.LL_ADC_DisableDeepPowerDown
                0x00000000080018c4       0x24 Drivers/STM32L4xx_HAL_Driver/Src/stm32l4xx_hal_adc.o
 .text.LL_ADC_IsDeepPowerDownEnabled
                0x00000000080018e8       0x28 Drivers/STM32L4xx_HAL_Driver/Src/stm32l4xx_hal_adc.o
 .text.LL_ADC_EnableInternalRegulator
                0x0000000008001910       0x28 Drivers/STM32L4xx_HAL_Driver/Src/stm32l4xx_hal_adc.o
 .text.LL_ADC_IsInternalRegulatorEnabled
                0x0000000008001938       0x28 Drivers/STM32L4xx_HAL_Driver/Src/stm32l4xx_hal_adc.o
 .text.LL_ADC_Enable
                0x0000000008001960       0x28 Drivers/STM32L4xx_HAL_Driver/Src/stm32l4xx_hal_adc.o
 .text.LL_ADC_IsEnabled
                0x0000000008001988       0x26 Drivers/STM32L4xx_HAL_Driver/Src/stm32l4xx_hal_adc.o
 .text.LL_ADC_REG_StartConversion
                0x00000000080019ae       0x28 Drivers/STM32L4xx_HAL_Driver/Src/stm32l4xx_hal_adc.o
 .text.LL_ADC_REG_IsConversionOngoing
                0x00000000080019d6       0x26 Drivers/STM32L4xx_HAL_Driver/Src/stm32l4xx_hal_adc.o
 .text.LL_ADC_INJ_IsConversionOngoing
                0x00000000080019fc       0x26 Drivers/STM32L4xx_HAL_Driver/Src/stm32l4xx_hal_adc.o
 *fill*         0x0000000008001a22        0x2 
 .text.HAL_ADC_Init
                0x0000000008001a24      0x2ac Drivers/STM32L4xx_HAL_Driver/Src/stm32l4xx_hal_adc.o
                0x0000000008001a24                HAL_ADC_Init
 .text.HAL_ADC_Start_DMA
                0x0000000008001cd0      0x178 Drivers/STM32L4xx_HAL_Driver/Src/stm32l4xx_hal_adc.o
                0x0000000008001cd0                HAL_ADC_Start_DMA
 .text.HAL_ADC_ConvHalfCpltCallback
                0x0000000008001e48       0x14 Drivers/STM32L4xx_HAL_Driver/Src/stm32l4xx_hal_adc.o
                0x0000000008001e48                HAL_ADC_ConvHalfCpltCallback
 .text.HAL_ADC_ErrorCallback
                0x0000000008001e5c       0x14 Drivers/STM32L4xx_HAL_Driver/Src/stm32l4xx_hal_adc.o
                0x0000000008001e5c                HAL_ADC_ErrorCallback
 .text.HAL_ADC_ConfigChannel
                0x0000000008001e70      0x7e0 Drivers/STM32L4xx_HAL_Driver/Src/stm32l4xx_hal_adc.o
                0x0000000008001e70                HAL_ADC_ConfigChannel
 .text.ADC_Enable
                0x0000000008002650       0xc4 Drivers/STM32L4xx_HAL_Driver/Src/stm32l4xx_hal_adc.o
                0x0000000008002650                ADC_Enable
 .text.ADC_DMAConvCplt
                0x0000000008002714       0xd8 Drivers/STM32L4xx_HAL_Driver/Src/stm32l4xx_hal_adc.o
                0x0000000008002714                ADC_DMAConvCplt
 .text.ADC_DMAHalfConvCplt
                0x00000000080027ec       0x1c Drivers/STM32L4xx_HAL_Driver/Src/stm32l4xx_hal_adc.o
                0x00000000080027ec                ADC_DMAHalfConvCplt
 .text.ADC_DMAError
                0x0000000008002808       0x34 Drivers/STM32L4xx_HAL_Driver/Src/stm32l4xx_hal_adc.o
                0x0000000008002808                ADC_DMAError
 .text.LL_ADC_IsEnabled
                0x000000000800283c       0x26 Drivers/STM32L4xx_HAL_Driver/Src/stm32l4xx_hal_adc_ex.o
 .text.LL_ADC_REG_IsConversionOngoing
                0x0000000008002862       0x26 Drivers/STM32L4xx_HAL_Driver/Src/stm32l4xx_hal_adc_ex.o
 .text.HAL_ADCEx_MultiModeConfigChannel
                0x0000000008002888      0x160 Drivers/STM32L4xx_HAL_Driver/Src/stm32l4xx_hal_adc_ex.o
                0x0000000008002888                HAL_ADCEx_MultiModeConfigChannel
 .text.__NVIC_SetPriorityGrouping
                0x00000000080029e8       0x48 Drivers/STM32L4xx_HAL_Driver/Src/stm32l4xx_hal_cortex.o
 .text.__NVIC_GetPriorityGrouping
                0x0000000008002a30       0x1c Drivers/STM32L4xx_HAL_Driver/Src/stm32l4xx_hal_cortex.o
 .text.__NVIC_EnableIRQ
                0x0000000008002a4c       0x3c Drivers/STM32L4xx_HAL_Driver/Src/stm32l4xx_hal_cortex.o
 .text.__NVIC_SetPriority
                0x0000000008002a88       0x54 Drivers/STM32L4xx_HAL_Driver/Src/stm32l4xx_hal_cortex.o
 .text.NVIC_EncodePriority
                0x0000000008002adc       0x66 Drivers/STM32L4xx_HAL_Driver/Src/stm32l4xx_hal_cortex.o
 *fill*         0x0000000008002b42        0x2 
 .text.SysTick_Config
                0x0000000008002b44       0x44 Drivers/STM32L4xx_HAL_Driver/Src/stm32l4xx_hal_cortex.o
 .text.HAL_NVIC_SetPriorityGrouping
                0x0000000008002b88       0x16 Drivers/STM32L4xx_HAL_Driver/Src/stm32l4xx_hal_cortex.o
                0x0000000008002b88                HAL_NVIC_SetPriorityGrouping
 .text.HAL_NVIC_SetPriority
                0x0000000008002b9e       0x38 Drivers/STM32L4xx_HAL_Driver/Src/stm32l4xx_hal_cortex.o
                0x0000000008002b9e                HAL_NVIC_SetPriority
 .text.HAL_NVIC_EnableIRQ
                0x0000000008002bd6       0x1c Drivers/STM32L4xx_HAL_Driver/Src/stm32l4xx_hal_cortex.o
                0x0000000008002bd6                HAL_NVIC_EnableIRQ
 .text.HAL_SYSTICK_Config
                0x0000000008002bf2       0x18 Drivers/STM32L4xx_HAL_Driver/Src/stm32l4xx_hal_cortex.o
                0x0000000008002bf2                HAL_SYSTICK_Config
 *fill*         0x0000000008002c0a        0x2 
 .text.HAL_CRC_Init
                0x0000000008002c0c       0xc8 Drivers/STM32L4xx_HAL_Driver/Src/stm32l4xx_hal_crc.o
                0x0000000008002c0c                HAL_CRC_Init
 .text.HAL_CRCEx_Polynomial_Set
                0x0000000008002cd4      0x10c Drivers/STM32L4xx_HAL_Driver/Src/stm32l4xx_hal_crc_ex.o
                0x0000000008002cd4                HAL_CRCEx_Polynomial_Set
 .text.HAL_DMA_Init
                0x0000000008002de0      0x170 Drivers/STM32L4xx_HAL_Driver/Src/stm32l4xx_hal_dma.o
                0x0000000008002de0                HAL_DMA_Init
 .text.HAL_DMA_Start_IT
                0x0000000008002f50       0xc0 Drivers/STM32L4xx_HAL_Driver/Src/stm32l4xx_hal_dma.o
                0x0000000008002f50                HAL_DMA_Start_IT
 .text.HAL_DMA_IRQHandler
                0x0000000008003010      0x15e Drivers/STM32L4xx_HAL_Driver/Src/stm32l4xx_hal_dma.o
                0x0000000008003010                HAL_DMA_IRQHandler
 .text.DMA_SetConfig
                0x000000000800316e       0x60 Drivers/STM32L4xx_HAL_Driver/Src/stm32l4xx_hal_dma.o
 *fill*         0x00000000080031ce        0x2 
 .text.HAL_GPIO_Init
                0x00000000080031d0      0x354 Drivers/STM32L4xx_HAL_Driver/Src/stm32l4xx_hal_gpio.o
                0x00000000080031d0                HAL_GPIO_Init
 .text.HAL_GPIO_WritePin
                0x0000000008003524       0x30 Drivers/STM32L4xx_HAL_Driver/Src/stm32l4xx_hal_gpio.o
                0x0000000008003524                HAL_GPIO_WritePin
 .text.HAL_GPIO_EXTI_IRQHandler
                0x0000000008003554       0x30 Drivers/STM32L4xx_HAL_Driver/Src/stm32l4xx_hal_gpio.o
                0x0000000008003554                HAL_GPIO_EXTI_IRQHandler
 .text.HAL_PWREx_GetVoltageRange
                0x0000000008003584       0x1c Drivers/STM32L4xx_HAL_Driver/Src/stm32l4xx_hal_pwr_ex.o
                0x0000000008003584                HAL_PWREx_GetVoltageRange
 .text.HAL_PWREx_ControlVoltageScaling
                0x00000000080035a0       0xac Drivers/STM32L4xx_HAL_Driver/Src/stm32l4xx_hal_pwr_ex.o
                0x00000000080035a0                HAL_PWREx_ControlVoltageScaling
 .text.HAL_RCC_OscConfig
                0x000000000800364c      0x7cc Drivers/STM32L4xx_HAL_Driver/Src/stm32l4xx_hal_rcc.o
                0x000000000800364c                HAL_RCC_OscConfig
 .text.HAL_RCC_ClockConfig
                0x0000000008003e18      0x1c4 Drivers/STM32L4xx_HAL_Driver/Src/stm32l4xx_hal_rcc.o
                0x0000000008003e18                HAL_RCC_ClockConfig
 .text.HAL_RCC_GetSysClockFreq
                0x0000000008003fdc      0x118 Drivers/STM32L4xx_HAL_Driver/Src/stm32l4xx_hal_rcc.o
                0x0000000008003fdc                HAL_RCC_GetSysClockFreq
 .text.HAL_RCC_GetHCLKFreq
                0x00000000080040f4       0x18 Drivers/STM32L4xx_HAL_Driver/Src/stm32l4xx_hal_rcc.o
                0x00000000080040f4                HAL_RCC_GetHCLKFreq
 .text.HAL_RCC_GetPCLK1Freq
                0x000000000800410c       0x2c Drivers/STM32L4xx_HAL_Driver/Src/stm32l4xx_hal_rcc.o
                0x000000000800410c                HAL_RCC_GetPCLK1Freq
 .text.HAL_RCC_GetPCLK2Freq
                0x0000000008004138       0x2c Drivers/STM32L4xx_HAL_Driver/Src/stm32l4xx_hal_rcc.o
                0x0000000008004138                HAL_RCC_GetPCLK2Freq
 .text.RCC_SetFlashLatencyFromMSIRange
                0x0000000008004164       0xc0 Drivers/STM32L4xx_HAL_Driver/Src/stm32l4xx_hal_rcc.o
 .text.HAL_RCCEx_PeriphCLKConfig
                0x0000000008004224      0x5d4 Drivers/STM32L4xx_HAL_Driver/Src/stm32l4xx_hal_rcc_ex.o
                0x0000000008004224                HAL_RCCEx_PeriphCLKConfig
 .text.RCCEx_PLLSAI1_Config
                0x00000000080047f8      0x1e8 Drivers/STM32L4xx_HAL_Driver/Src/stm32l4xx_hal_rcc_ex.o
 .text.RCCEx_PLLSAI2_Config
                0x00000000080049e0      0x1bc Drivers/STM32L4xx_HAL_Driver/Src/stm32l4xx_hal_rcc_ex.o
 .text.HAL_TIM_Base_Init
                0x0000000008004b9c       0xae Drivers/STM32L4xx_HAL_Driver/Src/stm32l4xx_hal_tim.o
                0x0000000008004b9c                HAL_TIM_Base_Init
 *fill*         0x0000000008004c4a        0x2 
 .text.HAL_TIM_Base_Start
                0x0000000008004c4c       0xd0 Drivers/STM32L4xx_HAL_Driver/Src/stm32l4xx_hal_tim.o
                0x0000000008004c4c                HAL_TIM_Base_Start
 .text.HAL_TIM_PWM_Init
                0x0000000008004d1c       0xae Drivers/STM32L4xx_HAL_Driver/Src/stm32l4xx_hal_tim.o
                0x0000000008004d1c                HAL_TIM_PWM_Init
 *fill*         0x0000000008004dca        0x2 
 .text.HAL_TIM_PWM_Start
                0x0000000008004dcc      0x20c Drivers/STM32L4xx_HAL_Driver/Src/stm32l4xx_hal_tim.o
                0x0000000008004dcc                HAL_TIM_PWM_Start
 .text.HAL_TIM_PWM_ConfigChannel
                0x0000000008004fd8      0x228 Drivers/STM32L4xx_HAL_Driver/Src/stm32l4xx_hal_tim.o
                0x0000000008004fd8                HAL_TIM_PWM_ConfigChannel
 .text.HAL_TIM_ConfigClockSource
                0x0000000008005200      0x192 Drivers/STM32L4xx_HAL_Driver/Src/stm32l4xx_hal_tim.o
                0x0000000008005200                HAL_TIM_ConfigClockSource
 *fill*         0x0000000008005392        0x2 
 .text.TIM_Base_SetConfig
                0x0000000008005394      0x134 Drivers/STM32L4xx_HAL_Driver/Src/stm32l4xx_hal_tim.o
                0x0000000008005394                TIM_Base_SetConfig
 .text.TIM_OC1_SetConfig
                0x00000000080054c8      0x120 Drivers/STM32L4xx_HAL_Driver/Src/stm32l4xx_hal_tim.o
 .text.TIM_OC2_SetConfig
                0x00000000080055e8      0x114 Drivers/STM32L4xx_HAL_Driver/Src/stm32l4xx_hal_tim.o
                0x00000000080055e8                TIM_OC2_SetConfig
 .text.TIM_OC3_SetConfig
                0x00000000080056fc      0x110 Drivers/STM32L4xx_HAL_Driver/Src/stm32l4xx_hal_tim.o
 .text.TIM_OC4_SetConfig
                0x000000000800580c       0xd4 Drivers/STM32L4xx_HAL_Driver/Src/stm32l4xx_hal_tim.o
 .text.TIM_OC5_SetConfig
                0x00000000080058e0       0xc8 Drivers/STM32L4xx_HAL_Driver/Src/stm32l4xx_hal_tim.o
 .text.TIM_OC6_SetConfig
                0x00000000080059a8       0xcc Drivers/STM32L4xx_HAL_Driver/Src/stm32l4xx_hal_tim.o
 .text.TIM_TI1_ConfigInputStage
                0x0000000008005a74       0x5e Drivers/STM32L4xx_HAL_Driver/Src/stm32l4xx_hal_tim.o
 .text.TIM_TI2_ConfigInputStage
                0x0000000008005ad2       0x60 Drivers/STM32L4xx_HAL_Driver/Src/stm32l4xx_hal_tim.o
 .text.TIM_ITRx_SetConfig
                0x0000000008005b32       0x36 Drivers/STM32L4xx_HAL_Driver/Src/stm32l4xx_hal_tim.o
 .text.TIM_ETR_SetConfig
                0x0000000008005b68       0x40 Drivers/STM32L4xx_HAL_Driver/Src/stm32l4xx_hal_tim.o
                0x0000000008005b68                TIM_ETR_SetConfig
 .text.TIM_CCxChannelCmd
                0x0000000008005ba8       0x4a Drivers/STM32L4xx_HAL_Driver/Src/stm32l4xx_hal_tim.o
                0x0000000008005ba8                TIM_CCxChannelCmd
 *fill*         0x0000000008005bf2        0x2 
 .text.HAL_TIMEx_MasterConfigSynchronization
                0x0000000008005bf4      0x110 Drivers/STM32L4xx_HAL_Driver/Src/stm32l4xx_hal_tim_ex.o
                0x0000000008005bf4                HAL_TIMEx_MasterConfigSynchronization
 .text.HAL_TIMEx_ConfigBreakDeadTime
                0x0000000008005d04       0xfc Drivers/STM32L4xx_HAL_Driver/Src/stm32l4xx_hal_tim_ex.o
                0x0000000008005d04                HAL_TIMEx_ConfigBreakDeadTime
 .text.HAL_UART_Init
                0x0000000008005e00       0x9c Drivers/STM32L4xx_HAL_Driver/Src/stm32l4xx_hal_uart.o
                0x0000000008005e00                HAL_UART_Init
 .text.UART_SetConfig
                0x0000000008005e9c      0x514 Drivers/STM32L4xx_HAL_Driver/Src/stm32l4xx_hal_uart.o
                0x0000000008005e9c                UART_SetConfig
 .text.UART_AdvFeatureConfig
                0x00000000080063b0      0x144 Drivers/STM32L4xx_HAL_Driver/Src/stm32l4xx_hal_uart.o
                0x00000000080063b0                UART_AdvFeatureConfig
 .text.UART_CheckIdleState
                0x00000000080064f4       0x92 Drivers/STM32L4xx_HAL_Driver/Src/stm32l4xx_hal_uart.o
                0x00000000080064f4                UART_CheckIdleState
 .text.UART_WaitOnFlagUntilTimeout
                0x0000000008006586      0x188 Drivers/STM32L4xx_HAL_Driver/Src/stm32l4xx_hal_uart.o
                0x0000000008006586                UART_WaitOnFlagUntilTimeout
 *fill*         0x000000000800670e        0x2 
 .text.ai_log_err
                0x0000000008006710       0x40 X-CUBE-AI/App/app_x-cube-ai.o
 .text.ai_boostrap
                0x0000000008006750      0x108 X-CUBE-AI/App/app_x-cube-ai.o
 .text.ai_run   0x0000000008006858       0x68 X-CUBE-AI/App/app_x-cube-ai.o
 .text.MX_X_CUBE_AI_Init
                0x00000000080068c0       0x24 X-CUBE-AI/App/app_x-cube-ai.o
                0x00000000080068c0                MX_X_CUBE_AI_Init
 *fill*         0x00000000080068e4        0x4 
 .text.MX_X_CUBE_AI_Process
                0x00000000080068e8       0xe8 X-CUBE-AI/App/app_x-cube-ai.o
                0x00000000080068e8                MX_X_CUBE_AI_Process
 .text.network_configure_activations
                0x00000000080069d0       0xa8 X-CUBE-AI/App/network.o
 .text.network_configure_weights
                0x0000000008006a78      0x100 X-CUBE-AI/App/network.o
 .text.ai_network_get_info
                0x0000000008006b78       0xbc X-CUBE-AI/App/network.o
                0x0000000008006b78                ai_network_get_info
 .text.ai_network_get_error
                0x0000000008006c34       0x18 X-CUBE-AI/App/network.o
                0x0000000008006c34                ai_network_get_error
 .text.ai_network_create
                0x0000000008006c4c       0x2c X-CUBE-AI/App/network.o
                0x0000000008006c4c                ai_network_create
 .text.ai_network_destroy
                0x0000000008006c78       0x18 X-CUBE-AI/App/network.o
                0x0000000008006c78                ai_network_destroy
 .text.ai_network_init
                0x0000000008006c90       0x78 X-CUBE-AI/App/network.o
                0x0000000008006c90                ai_network_init
 .text.ai_network_run
                0x0000000008006d08       0x20 X-CUBE-AI/App/network.o
                0x0000000008006d08                ai_network_run
 .text.ai_network_data_weights_get
                0x0000000008006d28       0x14 X-CUBE-AI/App/network_data.o
                0x0000000008006d28                ai_network_data_weights_get
 .text._ai_platform_acquire_crc
                0x0000000008006d3c        0x4 ../Middlewares/ST/AI/Lib\NetworkRuntime700_CM4_GCC.a(ai_platform_interface.o)
                0x0000000008006d3c                _ai_platform_acquire_crc
 .text._ai_platform_release_crc
                0x0000000008006d40        0x4 ../Middlewares/ST/AI/Lib\NetworkRuntime700_CM4_GCC.a(ai_platform_interface.o)
                0x0000000008006d40                _ai_platform_release_crc
 .text.ai_platform_get_weights_map
                0x0000000008006d44       0x68 ../Middlewares/ST/AI/Lib\NetworkRuntime700_CM4_GCC.a(ai_platform_interface.o)
                0x0000000008006d44                ai_platform_get_weights_map
 .text.ai_platform_get_activations_map
                0x0000000008006dac       0x68 ../Middlewares/ST/AI/Lib\NetworkRuntime700_CM4_GCC.a(ai_platform_interface.o)
                0x0000000008006dac                ai_platform_get_activations_map
 .text.ai_platform_runtime_get_revision
                0x0000000008006e14       0x84 ../Middlewares/ST/AI/Lib\NetworkRuntime700_CM4_GCC.a(ai_platform_interface.o)
                0x0000000008006e14                ai_platform_runtime_get_revision
 .text.ai_platform_runtime_get_version
                0x0000000008006e98       0x84 ../Middlewares/ST/AI/Lib\NetworkRuntime700_CM4_GCC.a(ai_platform_interface.o)
                0x0000000008006e98                ai_platform_runtime_get_version
 .text.ai_platform_api_get_version
                0x0000000008006f1c       0xa8 ../Middlewares/ST/AI/Lib\NetworkRuntime700_CM4_GCC.a(ai_platform_interface.o)
                0x0000000008006f1c                ai_platform_api_get_version
 .text.ai_platform_interface_api_get_version
                0x0000000008006fc4       0xa8 ../Middlewares/ST/AI/Lib\NetworkRuntime700_CM4_GCC.a(ai_platform_interface.o)
                0x0000000008006fc4                ai_platform_interface_api_get_version
 .text.ai_platform_context_acquire
                0x000000000800706c       0x90 ../Middlewares/ST/AI/Lib\NetworkRuntime700_CM4_GCC.a(ai_platform_interface.o)
                0x000000000800706c                ai_platform_context_acquire
 .text.ai_platform_network_get_error
                0x00000000080070fc       0xf4 ../Middlewares/ST/AI/Lib\NetworkRuntime700_CM4_GCC.a(ai_platform_interface.o)
                0x00000000080070fc                ai_platform_network_get_error
 .text.ai_platform_api_get_network_report
                0x00000000080071f0      0x544 ../Middlewares/ST/AI/Lib\NetworkRuntime700_CM4_GCC.a(ai_platform_interface.o)
                0x00000000080071f0                ai_platform_api_get_network_report
 .text.ai_platform_network_create
                0x0000000008007734      0x1ac ../Middlewares/ST/AI/Lib\NetworkRuntime700_CM4_GCC.a(ai_platform_interface.o)
                0x0000000008007734                ai_platform_network_create
 .text.ai_platform_network_destroy
                0x00000000080078e0       0xf0 ../Middlewares/ST/AI/Lib\NetworkRuntime700_CM4_GCC.a(ai_platform_interface.o)
                0x00000000080078e0                ai_platform_network_destroy
 .text.ai_platform_network_init
                0x00000000080079d0      0x224 ../Middlewares/ST/AI/Lib\NetworkRuntime700_CM4_GCC.a(ai_platform_interface.o)
                0x00000000080079d0                ai_platform_network_init
 .text.ai_platform_network_post_init
                0x0000000008007bf4      0x128 ../Middlewares/ST/AI/Lib\NetworkRuntime700_CM4_GCC.a(ai_platform_interface.o)
                0x0000000008007bf4                ai_platform_network_post_init
 .text.ai_platform_network_process
                0x0000000008007d1c      0x4fc ../Middlewares/ST/AI/Lib\NetworkRuntime700_CM4_GCC.a(ai_platform_interface.o)
                0x0000000008007d1c                ai_platform_network_process
 .text.core_init
                0x0000000008008218        0x4 ../Middlewares/ST/AI/Lib\NetworkRuntime700_CM4_GCC.a(core_common.o)
                0x0000000008008218                core_init
 .text.core_get_error
                0x000000000800821c        0xc ../Middlewares/ST/AI/Lib\NetworkRuntime700_CM4_GCC.a(core_common.o)
                0x000000000800821c                core_get_error
 .text.core_set_error
                0x0000000008008228       0x18 ../Middlewares/ST/AI/Lib\NetworkRuntime700_CM4_GCC.a(core_common.o)
                0x0000000008008228                core_set_error
 .text.ai_dict8_dot_array_f32
                0x0000000008008240      0x19c ../Middlewares/ST/AI/Lib\NetworkRuntime700_CM4_GCC.a(layers_conv2d_generic_float.o)
                0x0000000008008240                ai_dict8_dot_array_f32
 .text.ai_dict4_dot_array_f32
                0x00000000080083dc      0x17c ../Middlewares/ST/AI/Lib\NetworkRuntime700_CM4_GCC.a(layers_conv2d_generic_float.o)
                0x00000000080083dc                ai_dict4_dot_array_f32
 .text.forward_dense
                0x0000000008008558      0x470 ../Middlewares/ST/AI/Lib\NetworkRuntime700_CM4_GCC.a(layers_conv2d_generic_float.o)
                0x0000000008008558                forward_dense
 .text.forward_sigmoid
                0x00000000080089c8       0x90 ../Middlewares/ST/AI/Lib\NetworkRuntime700_CM4_GCC.a(layers_nl_generic_float.o)
                0x00000000080089c8                forward_sigmoid
 .text.nl_func_relu_generic_array_f32
                0x0000000008008a58       0xfc ../Middlewares/ST/AI/Lib\NetworkRuntime700_CM4_GCC.a(layers_nl_generic_float.o)
                0x0000000008008a58                nl_func_relu_generic_array_f32
 .text.forward_relu
                0x0000000008008b54      0x124 ../Middlewares/ST/AI/Lib\NetworkRuntime700_CM4_GCC.a(layers_nl_generic_float.o)
                0x0000000008008b54                forward_relu
 .text.ai_check_custom_types
                0x0000000008008c78       0x54 ../Middlewares/ST/AI/Lib\NetworkRuntime700_CM4_GCC.a(layers.o)
                0x0000000008008c78                ai_check_custom_types
 .text.ai_layers_init_all
                0x0000000008008ccc       0x28 ../Middlewares/ST/AI/Lib\NetworkRuntime700_CM4_GCC.a(layers.o)
                0x0000000008008ccc                ai_layers_init_all
 .text.ai_layers_post_init_all
                0x0000000008008cf4       0x30 ../Middlewares/ST/AI/Lib\NetworkRuntime700_CM4_GCC.a(layers.o)
                0x0000000008008cf4                ai_layers_post_init_all
 .text.ai_layers_forward_all
                0x0000000008008d24       0x9c ../Middlewares/ST/AI/Lib\NetworkRuntime700_CM4_GCC.a(layers.o)
                0x0000000008008d24                ai_layers_forward_all
 .text.ai_layers_destroy_all
                0x0000000008008dc0       0x30 ../Middlewares/ST/AI/Lib\NetworkRuntime700_CM4_GCC.a(layers.o)
                0x0000000008008dc0                ai_layers_destroy_all
 .text.ai_array_to_buffer_fmt
                0x0000000008008df0       0xb0 ../Middlewares/ST/AI/Lib\NetworkRuntime700_CM4_GCC.a(ai_datatypes_format.o)
                0x0000000008008df0                ai_array_to_buffer_fmt
 .text.ai_array_get_byte_size
                0x0000000008008ea0       0x44 ../Middlewares/ST/AI/Lib\NetworkRuntime700_CM4_GCC.a(ai_datatypes_format.o)
                0x0000000008008ea0                ai_array_get_byte_size
 .text.__errno  0x0000000008008ee4        0xc c:/st/stm32cubeide_1.4.0/stm32cubeide/plugins/com.st.stm32cube.ide.mcu.externaltools.gnu-tools-for-stm32.9-2020-q2-update.win32_1.5.0.202011040924/tools/bin/../lib/gcc/arm-none-eabi/9.3.1/../../../../arm-none-eabi/lib/thumb/v7e-m+fp/hard\libc_nano.a(lib_a-errno.o)
                0x0000000008008ee4                __errno
 .text.__libc_init_array
                0x0000000008008ef0       0x48 c:/st/stm32cubeide_1.4.0/stm32cubeide/plugins/com.st.stm32cube.ide.mcu.externaltools.gnu-tools-for-stm32.9-2020-q2-update.win32_1.5.0.202011040924/tools/bin/../lib/gcc/arm-none-eabi/9.3.1/../../../../arm-none-eabi/lib/thumb/v7e-m+fp/hard\libc_nano.a(lib_a-init.o)
                0x0000000008008ef0                __libc_init_array
 .text.memcpy   0x0000000008008f38       0x1c c:/st/stm32cubeide_1.4.0/stm32cubeide/plugins/com.st.stm32cube.ide.mcu.externaltools.gnu-tools-for-stm32.9-2020-q2-update.win32_1.5.0.202011040924/tools/bin/../lib/gcc/arm-none-eabi/9.3.1/../../../../arm-none-eabi/lib/thumb/v7e-m+fp/hard\libc_nano.a(lib_a-memcpy-stub.o)
                0x0000000008008f38                memcpy
 .text.memset   0x0000000008008f54       0x10 c:/st/stm32cubeide_1.4.0/stm32cubeide/plugins/com.st.stm32cube.ide.mcu.externaltools.gnu-tools-for-stm32.9-2020-q2-update.win32_1.5.0.202011040924/tools/bin/../lib/gcc/arm-none-eabi/9.3.1/../../../../arm-none-eabi/lib/thumb/v7e-m+fp/hard\libc_nano.a(lib_a-memset.o)
                0x0000000008008f54                memset
 .text._free_r  0x0000000008008f64       0xa0 c:/st/stm32cubeide_1.4.0/stm32cubeide/plugins/com.st.stm32cube.ide.mcu.externaltools.gnu-tools-for-stm32.9-2020-q2-update.win32_1.5.0.202011040924/tools/bin/../lib/gcc/arm-none-eabi/9.3.1/../../../../arm-none-eabi/lib/thumb/v7e-m+fp/hard\libc_nano.a(lib_a-nano-freer.o)
                0x0000000008008f64                _free_r
 .text._malloc_r
                0x0000000008009004       0xb4 c:/st/stm32cubeide_1.4.0/stm32cubeide/plugins/com.st.stm32cube.ide.mcu.externaltools.gnu-tools-for-stm32.9-2020-q2-update.win32_1.5.0.202011040924/tools/bin/../lib/gcc/arm-none-eabi/9.3.1/../../../../arm-none-eabi/lib/thumb/v7e-m+fp/hard\libc_nano.a(lib_a-nano-mallocr.o)
                0x0000000008009004                _malloc_r
 .text.printf   0x00000000080090b8       0x30 c:/st/stm32cubeide_1.4.0/stm32cubeide/plugins/com.st.stm32cube.ide.mcu.externaltools.gnu-tools-for-stm32.9-2020-q2-update.win32_1.5.0.202011040924/tools/bin/../lib/gcc/arm-none-eabi/9.3.1/../../../../arm-none-eabi/lib/thumb/v7e-m+fp/hard\libc_nano.a(lib_a-printf.o)
                0x00000000080090b8                iprintf
                0x00000000080090b8                printf
 .text._puts_r  0x00000000080090e8       0xdc c:/st/stm32cubeide_1.4.0/stm32cubeide/plugins/com.st.stm32cube.ide.mcu.externaltools.gnu-tools-for-stm32.9-2020-q2-update.win32_1.5.0.202011040924/tools/bin/../lib/gcc/arm-none-eabi/9.3.1/../../../../arm-none-eabi/lib/thumb/v7e-m+fp/hard\libc_nano.a(lib_a-puts.o)
                0x00000000080090e8                _puts_r
 .text.puts     0x00000000080091c4       0x10 c:/st/stm32cubeide_1.4.0/stm32cubeide/plugins/com.st.stm32cube.ide.mcu.externaltools.gnu-tools-for-stm32.9-2020-q2-update.win32_1.5.0.202011040924/tools/bin/../lib/gcc/arm-none-eabi/9.3.1/../../../../arm-none-eabi/lib/thumb/v7e-m+fp/hard\libc_nano.a(lib_a-puts.o)
                0x00000000080091c4                puts
 .text._sbrk_r  0x00000000080091d4       0x20 c:/st/stm32cubeide_1.4.0/stm32cubeide/plugins/com.st.stm32cube.ide.mcu.externaltools.gnu-tools-for-stm32.9-2020-q2-update.win32_1.5.0.202011040924/tools/bin/../lib/gcc/arm-none-eabi/9.3.1/../../../../arm-none-eabi/lib/thumb/v7e-m+fp/hard\libc_nano.a(lib_a-sbrkr.o)
                0x00000000080091d4                _sbrk_r
 .text.__swbuf_r
                0x00000000080091f4       0xa4 c:/st/stm32cubeide_1.4.0/stm32cubeide/plugins/com.st.stm32cube.ide.mcu.externaltools.gnu-tools-for-stm32.9-2020-q2-update.win32_1.5.0.202011040924/tools/bin/../lib/gcc/arm-none-eabi/9.3.1/../../../../arm-none-eabi/lib/thumb/v7e-m+fp/hard\libc_nano.a(lib_a-wbuf.o)
                0x00000000080091f4                __swbuf_r
 .text.__swsetup_r
                0x0000000008009298       0xdc c:/st/stm32cubeide_1.4.0/stm32cubeide/plugins/com.st.stm32cube.ide.mcu.externaltools.gnu-tools-for-stm32.9-2020-q2-update.win32_1.5.0.202011040924/tools/bin/../lib/gcc/arm-none-eabi/9.3.1/../../../../arm-none-eabi/lib/thumb/v7e-m+fp/hard\libc_nano.a(lib_a-wsetup.o)
                0x0000000008009298                __swsetup_r
 .text.__sflush_r
                0x0000000008009374      0x10c c:/st/stm32cubeide_1.4.0/stm32cubeide/plugins/com.st.stm32cube.ide.mcu.externaltools.gnu-tools-for-stm32.9-2020-q2-update.win32_1.5.0.202011040924/tools/bin/../lib/gcc/arm-none-eabi/9.3.1/../../../../arm-none-eabi/lib/thumb/v7e-m+fp/hard\libc_nano.a(lib_a-fflush.o)
                0x0000000008009374                __sflush_r
 .text._fflush_r
                0x0000000008009480       0x78 c:/st/stm32cubeide_1.4.0/stm32cubeide/plugins/com.st.stm32cube.ide.mcu.externaltools.gnu-tools-for-stm32.9-2020-q2-update.win32_1.5.0.202011040924/tools/bin/../lib/gcc/arm-none-eabi/9.3.1/../../../../arm-none-eabi/lib/thumb/v7e-m+fp/hard\libc_nano.a(lib_a-fflush.o)
                0x0000000008009480                _fflush_r
 .text.std      0x00000000080094f8       0x48 c:/st/stm32cubeide_1.4.0/stm32cubeide/plugins/com.st.stm32cube.ide.mcu.externaltools.gnu-tools-for-stm32.9-2020-q2-update.win32_1.5.0.202011040924/tools/bin/../lib/gcc/arm-none-eabi/9.3.1/../../../../arm-none-eabi/lib/thumb/v7e-m+fp/hard\libc_nano.a(lib_a-findfp.o)
 .text._cleanup_r
                0x0000000008009540        0xc c:/st/stm32cubeide_1.4.0/stm32cubeide/plugins/com.st.stm32cube.ide.mcu.externaltools.gnu-tools-for-stm32.9-2020-q2-update.win32_1.5.0.202011040924/tools/bin/../lib/gcc/arm-none-eabi/9.3.1/../../../../arm-none-eabi/lib/thumb/v7e-m+fp/hard\libc_nano.a(lib_a-findfp.o)
                0x0000000008009540                _cleanup_r
 .text.__sfmoreglue
                0x000000000800954c       0x2c c:/st/stm32cubeide_1.4.0/stm32cubeide/plugins/com.st.stm32cube.ide.mcu.externaltools.gnu-tools-for-stm32.9-2020-q2-update.win32_1.5.0.202011040924/tools/bin/../lib/gcc/arm-none-eabi/9.3.1/../../../../arm-none-eabi/lib/thumb/v7e-m+fp/hard\libc_nano.a(lib_a-findfp.o)
                0x000000000800954c                __sfmoreglue
 .text.__sfp_lock_acquire
                0x0000000008009578        0xc c:/st/stm32cubeide_1.4.0/stm32cubeide/plugins/com.st.stm32cube.ide.mcu.externaltools.gnu-tools-for-stm32.9-2020-q2-update.win32_1.5.0.202011040924/tools/bin/../lib/gcc/arm-none-eabi/9.3.1/../../../../arm-none-eabi/lib/thumb/v7e-m+fp/hard\libc_nano.a(lib_a-findfp.o)
                0x0000000008009578                __sfp_lock_acquire
 .text.__sfp_lock_release
                0x0000000008009584        0xc c:/st/stm32cubeide_1.4.0/stm32cubeide/plugins/com.st.stm32cube.ide.mcu.externaltools.gnu-tools-for-stm32.9-2020-q2-update.win32_1.5.0.202011040924/tools/bin/../lib/gcc/arm-none-eabi/9.3.1/../../../../arm-none-eabi/lib/thumb/v7e-m+fp/hard\libc_nano.a(lib_a-findfp.o)
                0x0000000008009584                __sfp_lock_release
 .text.__sinit_lock_acquire
                0x0000000008009590        0xc c:/st/stm32cubeide_1.4.0/stm32cubeide/plugins/com.st.stm32cube.ide.mcu.externaltools.gnu-tools-for-stm32.9-2020-q2-update.win32_1.5.0.202011040924/tools/bin/../lib/gcc/arm-none-eabi/9.3.1/../../../../arm-none-eabi/lib/thumb/v7e-m+fp/hard\libc_nano.a(lib_a-findfp.o)
                0x0000000008009590                __sinit_lock_acquire
 .text.__sinit_lock_release
                0x000000000800959c        0xc c:/st/stm32cubeide_1.4.0/stm32cubeide/plugins/com.st.stm32cube.ide.mcu.externaltools.gnu-tools-for-stm32.9-2020-q2-update.win32_1.5.0.202011040924/tools/bin/../lib/gcc/arm-none-eabi/9.3.1/../../../../arm-none-eabi/lib/thumb/v7e-m+fp/hard\libc_nano.a(lib_a-findfp.o)
                0x000000000800959c                __sinit_lock_release
 .text.__sinit  0x00000000080095a8       0x70 c:/st/stm32cubeide_1.4.0/stm32cubeide/plugins/com.st.stm32cube.ide.mcu.externaltools.gnu-tools-for-stm32.9-2020-q2-update.win32_1.5.0.202011040924/tools/bin/../lib/gcc/arm-none-eabi/9.3.1/../../../../arm-none-eabi/lib/thumb/v7e-m+fp/hard\libc_nano.a(lib_a-findfp.o)
                0x00000000080095a8                __sinit
 .text.__sfp    0x0000000008009618       0x8c c:/st/stm32cubeide_1.4.0/stm32cubeide/plugins/com.st.stm32cube.ide.mcu.externaltools.gnu-tools-for-stm32.9-2020-q2-update.win32_1.5.0.202011040924/tools/bin/../lib/gcc/arm-none-eabi/9.3.1/../../../../arm-none-eabi/lib/thumb/v7e-m+fp/hard\libc_nano.a(lib_a-findfp.o)
                0x0000000008009618                __sfp
 .text._fwalk_reent
                0x00000000080096a4       0x3e c:/st/stm32cubeide_1.4.0/stm32cubeide/plugins/com.st.stm32cube.ide.mcu.externaltools.gnu-tools-for-stm32.9-2020-q2-update.win32_1.5.0.202011040924/tools/bin/../lib/gcc/arm-none-eabi/9.3.1/../../../../arm-none-eabi/lib/thumb/v7e-m+fp/hard\libc_nano.a(lib_a-fwalk.o)
                0x00000000080096a4                _fwalk_reent
 .text.__retarget_lock_init_recursive
                0x00000000080096e2        0x2 c:/st/stm32cubeide_1.4.0/stm32cubeide/plugins/com.st.stm32cube.ide.mcu.externaltools.gnu-tools-for-stm32.9-2020-q2-update.win32_1.5.0.202011040924/tools/bin/../lib/gcc/arm-none-eabi/9.3.1/../../../../arm-none-eabi/lib/thumb/v7e-m+fp/hard\libc_nano.a(lib_a-lock.o)
                0x00000000080096e2                __retarget_lock_init_recursive
 .text.__retarget_lock_acquire_recursive
                0x00000000080096e4        0x2 c:/st/stm32cubeide_1.4.0/stm32cubeide/plugins/com.st.stm32cube.ide.mcu.externaltools.gnu-tools-for-stm32.9-2020-q2-update.win32_1.5.0.202011040924/tools/bin/../lib/gcc/arm-none-eabi/9.3.1/../../../../arm-none-eabi/lib/thumb/v7e-m+fp/hard\libc_nano.a(lib_a-lock.o)
                0x00000000080096e4                __retarget_lock_acquire_recursive
 .text.__retarget_lock_release_recursive
                0x00000000080096e6        0x2 c:/st/stm32cubeide_1.4.0/stm32cubeide/plugins/com.st.stm32cube.ide.mcu.externaltools.gnu-tools-for-stm32.9-2020-q2-update.win32_1.5.0.202011040924/tools/bin/../lib/gcc/arm-none-eabi/9.3.1/../../../../arm-none-eabi/lib/thumb/v7e-m+fp/hard\libc_nano.a(lib_a-lock.o)
                0x00000000080096e6                __retarget_lock_release_recursive
 .text.__swhatbuf_r
                0x00000000080096e8       0x48 c:/st/stm32cubeide_1.4.0/stm32cubeide/plugins/com.st.stm32cube.ide.mcu.externaltools.gnu-tools-for-stm32.9-2020-q2-update.win32_1.5.0.202011040924/tools/bin/../lib/gcc/arm-none-eabi/9.3.1/../../../../arm-none-eabi/lib/thumb/v7e-m+fp/hard\libc_nano.a(lib_a-makebuf.o)
                0x00000000080096e8                __swhatbuf_r
 .text.__smakebuf_r
                0x0000000008009730       0x80 c:/st/stm32cubeide_1.4.0/stm32cubeide/plugins/com.st.stm32cube.ide.mcu.externaltools.gnu-tools-for-stm32.9-2020-q2-update.win32_1.5.0.202011040924/tools/bin/../lib/gcc/arm-none-eabi/9.3.1/../../../../arm-none-eabi/lib/thumb/v7e-m+fp/hard\libc_nano.a(lib_a-makebuf.o)
                0x0000000008009730                __smakebuf_r
 .text.__malloc_lock
                0x00000000080097b0        0xc c:/st/stm32cubeide_1.4.0/stm32cubeide/plugins/com.st.stm32cube.ide.mcu.externaltools.gnu-tools-for-stm32.9-2020-q2-update.win32_1.5.0.202011040924/tools/bin/../lib/gcc/arm-none-eabi/9.3.1/../../../../arm-none-eabi/lib/thumb/v7e-m+fp/hard\libc_nano.a(lib_a-mlock.o)
                0x00000000080097b0                __malloc_lock
 .text.__malloc_unlock
                0x00000000080097bc        0xc c:/st/stm32cubeide_1.4.0/stm32cubeide/plugins/com.st.stm32cube.ide.mcu.externaltools.gnu-tools-for-stm32.9-2020-q2-update.win32_1.5.0.202011040924/tools/bin/../lib/gcc/arm-none-eabi/9.3.1/../../../../arm-none-eabi/lib/thumb/v7e-m+fp/hard\libc_nano.a(lib_a-mlock.o)
                0x00000000080097bc                __malloc_unlock
 .text.__sfputc_r
                0x00000000080097c8       0x2e c:/st/stm32cubeide_1.4.0/stm32cubeide/plugins/com.st.stm32cube.ide.mcu.externaltools.gnu-tools-for-stm32.9-2020-q2-update.win32_1.5.0.202011040924/tools/bin/../lib/gcc/arm-none-eabi/9.3.1/../../../../arm-none-eabi/lib/thumb/v7e-m+fp/hard\libc_nano.a(lib_a-nano-vfprintf.o)
 .text.__sfputs_r
                0x00000000080097f6       0x24 c:/st/stm32cubeide_1.4.0/stm32cubeide/plugins/com.st.stm32cube.ide.mcu.externaltools.gnu-tools-for-stm32.9-2020-q2-update.win32_1.5.0.202011040924/tools/bin/../lib/gcc/arm-none-eabi/9.3.1/../../../../arm-none-eabi/lib/thumb/v7e-m+fp/hard\libc_nano.a(lib_a-nano-vfprintf.o)
                0x00000000080097f6                __sfputs_r
 *fill*         0x000000000800981a        0x2 
 .text._vfprintf_r
                0x000000000800981c      0x260 c:/st/stm32cubeide_1.4.0/stm32cubeide/plugins/com.st.stm32cube.ide.mcu.externaltools.gnu-tools-for-stm32.9-2020-q2-update.win32_1.5.0.202011040924/tools/bin/../lib/gcc/arm-none-eabi/9.3.1/../../../../arm-none-eabi/lib/thumb/v7e-m+fp/hard\libc_nano.a(lib_a-nano-vfprintf.o)
                0x000000000800981c                _vfprintf_r
                0x000000000800981c                _vfiprintf_r
 .text._printf_common
                0x0000000008009a7c       0xda c:/st/stm32cubeide_1.4.0/stm32cubeide/plugins/com.st.stm32cube.ide.mcu.externaltools.gnu-tools-for-stm32.9-2020-q2-update.win32_1.5.0.202011040924/tools/bin/../lib/gcc/arm-none-eabi/9.3.1/../../../../arm-none-eabi/lib/thumb/v7e-m+fp/hard\libc_nano.a(lib_a-nano-vfprintf_i.o)
                0x0000000008009a7c                _printf_common
 *fill*         0x0000000008009b56        0x2 
 .text._printf_i
                0x0000000008009b58      0x24c c:/st/stm32cubeide_1.4.0/stm32cubeide/plugins/com.st.stm32cube.ide.mcu.externaltools.gnu-tools-for-stm32.9-2020-q2-update.win32_1.5.0.202011040924/tools/bin/../lib/gcc/arm-none-eabi/9.3.1/../../../../arm-none-eabi/lib/thumb/v7e-m+fp/hard\libc_nano.a(lib_a-nano-vfprintf_i.o)
                0x0000000008009b58                _printf_i
 .text.__sread  0x0000000008009da4       0x22 c:/st/stm32cubeide_1.4.0/stm32cubeide/plugins/com.st.stm32cube.ide.mcu.externaltools.gnu-tools-for-stm32.9-2020-q2-update.win32_1.5.0.202011040924/tools/bin/../lib/gcc/arm-none-eabi/9.3.1/../../../../arm-none-eabi/lib/thumb/v7e-m+fp/hard\libc_nano.a(lib_a-stdio.o)
                0x0000000008009da4                __sread
 .text.__swrite
                0x0000000008009dc6       0x38 c:/st/stm32cubeide_1.4.0/stm32cubeide/plugins/com.st.stm32cube.ide.mcu.externaltools.gnu-tools-for-stm32.9-2020-q2-update.win32_1.5.0.202011040924/tools/bin/../lib/gcc/arm-none-eabi/9.3.1/../../../../arm-none-eabi/lib/thumb/v7e-m+fp/hard\libc_nano.a(lib_a-stdio.o)
                0x0000000008009dc6                __swrite
 .text.__sseek  0x0000000008009dfe       0x24 c:/st/stm32cubeide_1.4.0/stm32cubeide/plugins/com.st.stm32cube.ide.mcu.externaltools.gnu-tools-for-stm32.9-2020-q2-update.win32_1.5.0.202011040924/tools/bin/../lib/gcc/arm-none-eabi/9.3.1/../../../../arm-none-eabi/lib/thumb/v7e-m+fp/hard\libc_nano.a(lib_a-stdio.o)
                0x0000000008009dfe                __sseek
 .text.__sclose
                0x0000000008009e22        0x8 c:/st/stm32cubeide_1.4.0/stm32cubeide/plugins/com.st.stm32cube.ide.mcu.externaltools.gnu-tools-for-stm32.9-2020-q2-update.win32_1.5.0.202011040924/tools/bin/../lib/gcc/arm-none-eabi/9.3.1/../../../../arm-none-eabi/lib/thumb/v7e-m+fp/hard\libc_nano.a(lib_a-stdio.o)
                0x0000000008009e22                __sclose
 *fill*         0x0000000008009e2a        0x2 
 .text._write_r
                0x0000000008009e2c       0x24 c:/st/stm32cubeide_1.4.0/stm32cubeide/plugins/com.st.stm32cube.ide.mcu.externaltools.gnu-tools-for-stm32.9-2020-q2-update.win32_1.5.0.202011040924/tools/bin/../lib/gcc/arm-none-eabi/9.3.1/../../../../arm-none-eabi/lib/thumb/v7e-m+fp/hard\libc_nano.a(lib_a-writer.o)
                0x0000000008009e2c                _write_r
 .text._close_r
                0x0000000008009e50       0x20 c:/st/stm32cubeide_1.4.0/stm32cubeide/plugins/com.st.stm32cube.ide.mcu.externaltools.gnu-tools-for-stm32.9-2020-q2-update.win32_1.5.0.202011040924/tools/bin/../lib/gcc/arm-none-eabi/9.3.1/../../../../arm-none-eabi/lib/thumb/v7e-m+fp/hard\libc_nano.a(lib_a-closer.o)
                0x0000000008009e50                _close_r
 .text._fstat_r
                0x0000000008009e70       0x24 c:/st/stm32cubeide_1.4.0/stm32cubeide/plugins/com.st.stm32cube.ide.mcu.externaltools.gnu-tools-for-stm32.9-2020-q2-update.win32_1.5.0.202011040924/tools/bin/../lib/gcc/arm-none-eabi/9.3.1/../../../../arm-none-eabi/lib/thumb/v7e-m+fp/hard\libc_nano.a(lib_a-fstatr.o)
                0x0000000008009e70                _fstat_r
 .text._isatty_r
                0x0000000008009e94       0x20 c:/st/stm32cubeide_1.4.0/stm32cubeide/plugins/com.st.stm32cube.ide.mcu.externaltools.gnu-tools-for-stm32.9-2020-q2-update.win32_1.5.0.202011040924/tools/bin/../lib/gcc/arm-none-eabi/9.3.1/../../../../arm-none-eabi/lib/thumb/v7e-m+fp/hard\libc_nano.a(lib_a-isattyr.o)
                0x0000000008009e94                _isatty_r
 .text._lseek_r
                0x0000000008009eb4       0x24 c:/st/stm32cubeide_1.4.0/stm32cubeide/plugins/com.st.stm32cube.ide.mcu.externaltools.gnu-tools-for-stm32.9-2020-q2-update.win32_1.5.0.202011040924/tools/bin/../lib/gcc/arm-none-eabi/9.3.1/../../../../arm-none-eabi/lib/thumb/v7e-m+fp/hard\libc_nano.a(lib_a-lseekr.o)
                0x0000000008009eb4                _lseek_r
 .text._read_r  0x0000000008009ed8       0x24 c:/st/stm32cubeide_1.4.0/stm32cubeide/plugins/com.st.stm32cube.ide.mcu.externaltools.gnu-tools-for-stm32.9-2020-q2-update.win32_1.5.0.202011040924/tools/bin/../lib/gcc/arm-none-eabi/9.3.1/../../../../arm-none-eabi/lib/thumb/v7e-m+fp/hard\libc_nano.a(lib_a-readr.o)
                0x0000000008009ed8                _read_r
 .text.expf     0x0000000008009efc       0x7c c:/st/stm32cubeide_1.4.0/stm32cubeide/plugins/com.st.stm32cube.ide.mcu.externaltools.gnu-tools-for-stm32.9-2020-q2-update.win32_1.5.0.202011040924/tools/bin/../lib/gcc/arm-none-eabi/9.3.1/../../../../arm-none-eabi/lib/thumb/v7e-m+fp/hard\libm.a(lib_a-wf_exp.o)
                0x0000000008009efc                expf
 .text.__ieee754_expf
                0x0000000008009f78      0x1a8 c:/st/stm32cubeide_1.4.0/stm32cubeide/plugins/com.st.stm32cube.ide.mcu.externaltools.gnu-tools-for-stm32.9-2020-q2-update.win32_1.5.0.202011040924/tools/bin/../lib/gcc/arm-none-eabi/9.3.1/../../../../arm-none-eabi/lib/thumb/v7e-m+fp/hard\libm.a(lib_a-ef_exp.o)
                0x0000000008009f78                __ieee754_expf
 .text.finitef  0x000000000800a120       0x1a c:/st/stm32cubeide_1.4.0/stm32cubeide/plugins/com.st.stm32cube.ide.mcu.externaltools.gnu-tools-for-stm32.9-2020-q2-update.win32_1.5.0.202011040924/tools/bin/../lib/gcc/arm-none-eabi/9.3.1/../../../../arm-none-eabi/lib/thumb/v7e-m+fp/hard\libm.a(lib_a-sf_finite.o)
                0x000000000800a120                finitef
 *fill*         0x000000000800a13a        0x2 
 .text._close   0x000000000800a13c       0x10 c:/st/stm32cubeide_1.4.0/stm32cubeide/plugins/com.st.stm32cube.ide.mcu.externaltools.gnu-tools-for-stm32.9-2020-q2-update.win32_1.5.0.202011040924/tools/bin/../lib/gcc/arm-none-eabi/9.3.1/../../../../arm-none-eabi/lib/thumb/v7e-m+fp/hard\libnosys.a(close.o)
                0x000000000800a13c                _close
 .text._fstat   0x000000000800a14c       0x10 c:/st/stm32cubeide_1.4.0/stm32cubeide/plugins/com.st.stm32cube.ide.mcu.externaltools.gnu-tools-for-stm32.9-2020-q2-update.win32_1.5.0.202011040924/tools/bin/../lib/gcc/arm-none-eabi/9.3.1/../../../../arm-none-eabi/lib/thumb/v7e-m+fp/hard\libnosys.a(fstat.o)
                0x000000000800a14c                _fstat
 .text._isatty  0x000000000800a15c       0x10 c:/st/stm32cubeide_1.4.0/stm32cubeide/plugins/com.st.stm32cube.ide.mcu.externaltools.gnu-tools-for-stm32.9-2020-q2-update.win32_1.5.0.202011040924/tools/bin/../lib/gcc/arm-none-eabi/9.3.1/../../../../arm-none-eabi/lib/thumb/v7e-m+fp/hard\libnosys.a(isatty.o)
                0x000000000800a15c                _isatty
 .text._lseek   0x000000000800a16c       0x10 c:/st/stm32cubeide_1.4.0/stm32cubeide/plugins/com.st.stm32cube.ide.mcu.externaltools.gnu-tools-for-stm32.9-2020-q2-update.win32_1.5.0.202011040924/tools/bin/../lib/gcc/arm-none-eabi/9.3.1/../../../../arm-none-eabi/lib/thumb/v7e-m+fp/hard\libnosys.a(lseek.o)
                0x000000000800a16c                _lseek
 .text._read    0x000000000800a17c       0x10 c:/st/stm32cubeide_1.4.0/stm32cubeide/plugins/com.st.stm32cube.ide.mcu.externaltools.gnu-tools-for-stm32.9-2020-q2-update.win32_1.5.0.202011040924/tools/bin/../lib/gcc/arm-none-eabi/9.3.1/../../../../arm-none-eabi/lib/thumb/v7e-m+fp/hard\libnosys.a(read.o)
                0x000000000800a17c                _read
 .text._write   0x000000000800a18c       0x10 c:/st/stm32cubeide_1.4.0/stm32cubeide/plugins/com.st.stm32cube.ide.mcu.externaltools.gnu-tools-for-stm32.9-2020-q2-update.win32_1.5.0.202011040924/tools/bin/../lib/gcc/arm-none-eabi/9.3.1/../../../../arm-none-eabi/lib/thumb/v7e-m+fp/hard\libnosys.a(write.o)
                0x000000000800a18c                _write
 *(.glue_7)
 .glue_7        0x000000000800a19c        0x0 linker stubs
 *(.glue_7t)
 .glue_7t       0x000000000800a19c        0x0 linker stubs
 *(.eh_frame)
 .eh_frame      0x000000000800a19c        0x0 c:/st/stm32cubeide_1.4.0/stm32cubeide/plugins/com.st.stm32cube.ide.mcu.externaltools.gnu-tools-for-stm32.9-2020-q2-update.win32_1.5.0.202011040924/tools/bin/../lib/gcc/arm-none-eabi/9.3.1/thumb/v7e-m+fp/hard/crtbegin.o
 *(.init)
 .init          0x000000000800a19c        0x4 c:/st/stm32cubeide_1.4.0/stm32cubeide/plugins/com.st.stm32cube.ide.mcu.externaltools.gnu-tools-for-stm32.9-2020-q2-update.win32_1.5.0.202011040924/tools/bin/../lib/gcc/arm-none-eabi/9.3.1/thumb/v7e-m+fp/hard/crti.o
                0x000000000800a19c                _init
 .init          0x000000000800a1a0        0x8 c:/st/stm32cubeide_1.4.0/stm32cubeide/plugins/com.st.stm32cube.ide.mcu.externaltools.gnu-tools-for-stm32.9-2020-q2-update.win32_1.5.0.202011040924/tools/bin/../lib/gcc/arm-none-eabi/9.3.1/thumb/v7e-m+fp/hard/crtn.o
 *(.fini)
 .fini          0x000000000800a1a8        0x4 c:/st/stm32cubeide_1.4.0/stm32cubeide/plugins/com.st.stm32cube.ide.mcu.externaltools.gnu-tools-for-stm32.9-2020-q2-update.win32_1.5.0.202011040924/tools/bin/../lib/gcc/arm-none-eabi/9.3.1/thumb/v7e-m+fp/hard/crti.o
                0x000000000800a1a8                _fini
 .fini          0x000000000800a1ac        0x8 c:/st/stm32cubeide_1.4.0/stm32cubeide/plugins/com.st.stm32cube.ide.mcu.externaltools.gnu-tools-for-stm32.9-2020-q2-update.win32_1.5.0.202011040924/tools/bin/../lib/gcc/arm-none-eabi/9.3.1/thumb/v7e-m+fp/hard/crtn.o
                0x000000000800a1b4                . = ALIGN (0x4)
                0x000000000800a1b4                _etext = .

.vfp11_veneer   0x000000000800a1b4        0x0
 .vfp11_veneer  0x000000000800a1b4        0x0 linker stubs

.v4_bx          0x000000000800a1b4        0x0
 .v4_bx         0x000000000800a1b4        0x0 linker stubs

.iplt           0x000000000800a1b4        0x0
 .iplt          0x000000000800a1b4        0x0 c:/st/stm32cubeide_1.4.0/stm32cubeide/plugins/com.st.stm32cube.ide.mcu.externaltools.gnu-tools-for-stm32.9-2020-q2-update.win32_1.5.0.202011040924/tools/bin/../lib/gcc/arm-none-eabi/9.3.1/thumb/v7e-m+fp/hard/crtbegin.o

.rodata         0x000000000800a1c0     0x1750
                0x000000000800a1c0                . = ALIGN (0x4)
 *(.rodata)
 .rodata        0x000000000800a1c0       0xcd X-CUBE-AI/App/app_x-cube-ai.o
 *fill*         0x000000000800a28d        0x3 
 .rodata        0x000000000800a290       0x61 X-CUBE-AI/App/network.o
 *fill*         0x000000000800a2f1        0x3 
 .rodata        0x000000000800a2f4        0x4 ../Middlewares/ST/AI/Lib\NetworkRuntime700_CM4_GCC.a(layers.o)
 *(.rodata*)
 .rodata.AHBPrescTable
                0x000000000800a2f8       0x10 Core/Src/system_stm32l4xx.o
                0x000000000800a2f8                AHBPrescTable
 .rodata.APBPrescTable
                0x000000000800a308        0x8 Core/Src/system_stm32l4xx.o
                0x000000000800a308                APBPrescTable
 .rodata.MSIRangeTable
                0x000000000800a310       0x30 Core/Src/system_stm32l4xx.o
                0x000000000800a310                MSIRangeTable
 .rodata.dense_57_nl_chain
                0x000000000800a340        0x8 X-CUBE-AI/App/network.o
 .rodata.dense_57_chain
                0x000000000800a348        0x8 X-CUBE-AI/App/network.o
 .rodata.dense_56_nl_chain
                0x000000000800a350        0x8 X-CUBE-AI/App/network.o
 .rodata.dense_56_chain
                0x000000000800a358        0x8 X-CUBE-AI/App/network.o
 .rodata.dense_55_nl_chain
                0x000000000800a360        0x8 X-CUBE-AI/App/network.o
 .rodata.dense_55_chain
                0x000000000800a368        0x8 X-CUBE-AI/App/network.o
 *fill*         0x000000000800a370       0x10 
 .rodata.s_network_weights_array_u64
                0x000000000800a380     0x14c8 X-CUBE-AI/App/network_data.o
                0x000000000800a380                s_network_weights_array_u64
 .rodata.s_network_weights_map.6537
                0x000000000800b848        0xc X-CUBE-AI/App/network_data.o
 .rodata.ai_platform_runtime_get_revision.str1.4
                0x000000000800b854        0x1 ../Middlewares/ST/AI/Lib\NetworkRuntime700_CM4_GCC.a(ai_platform_interface.o)
 *fill*         0x000000000800b855        0x3 
 .rodata.v.10522
                0x000000000800b858        0x4 ../Middlewares/ST/AI/Lib\NetworkRuntime700_CM4_GCC.a(ai_platform_interface.o)
 .rodata.v.10526
                0x000000000800b85c        0x4 ../Middlewares/ST/AI/Lib\NetworkRuntime700_CM4_GCC.a(ai_platform_interface.o)
 .rodata._global_impure_ptr
                0x000000000800b860        0x4 c:/st/stm32cubeide_1.4.0/stm32cubeide/plugins/com.st.stm32cube.ide.mcu.externaltools.gnu-tools-for-stm32.9-2020-q2-update.win32_1.5.0.202011040924/tools/bin/../lib/gcc/arm-none-eabi/9.3.1/../../../../arm-none-eabi/lib/thumb/v7e-m+fp/hard\libc_nano.a(lib_a-impure.o)
                0x000000000800b860                _global_impure_ptr
 .rodata.__sf_fake_stderr
                0x000000000800b864       0x20 c:/st/stm32cubeide_1.4.0/stm32cubeide/plugins/com.st.stm32cube.ide.mcu.externaltools.gnu-tools-for-stm32.9-2020-q2-update.win32_1.5.0.202011040924/tools/bin/../lib/gcc/arm-none-eabi/9.3.1/../../../../arm-none-eabi/lib/thumb/v7e-m+fp/hard\libc_nano.a(lib_a-findfp.o)
                0x000000000800b864                __sf_fake_stderr
 .rodata.__sf_fake_stdin
                0x000000000800b884       0x20 c:/st/stm32cubeide_1.4.0/stm32cubeide/plugins/com.st.stm32cube.ide.mcu.externaltools.gnu-tools-for-stm32.9-2020-q2-update.win32_1.5.0.202011040924/tools/bin/../lib/gcc/arm-none-eabi/9.3.1/../../../../arm-none-eabi/lib/thumb/v7e-m+fp/hard\libc_nano.a(lib_a-findfp.o)
                0x000000000800b884                __sf_fake_stdin
 .rodata.__sf_fake_stdout
                0x000000000800b8a4       0x20 c:/st/stm32cubeide_1.4.0/stm32cubeide/plugins/com.st.stm32cube.ide.mcu.externaltools.gnu-tools-for-stm32.9-2020-q2-update.win32_1.5.0.202011040924/tools/bin/../lib/gcc/arm-none-eabi/9.3.1/../../../../arm-none-eabi/lib/thumb/v7e-m+fp/hard\libc_nano.a(lib_a-findfp.o)
                0x000000000800b8a4                __sf_fake_stdout
 .rodata._vfprintf_r.str1.1
                0x000000000800b8c4       0x11 c:/st/stm32cubeide_1.4.0/stm32cubeide/plugins/com.st.stm32cube.ide.mcu.externaltools.gnu-tools-for-stm32.9-2020-q2-update.win32_1.5.0.202011040924/tools/bin/../lib/gcc/arm-none-eabi/9.3.1/../../../../arm-none-eabi/lib/thumb/v7e-m+fp/hard\libc_nano.a(lib_a-nano-vfprintf.o)
 .rodata._printf_i.str1.1
                0x000000000800b8d5       0x22 c:/st/stm32cubeide_1.4.0/stm32cubeide/plugins/com.st.stm32cube.ide.mcu.externaltools.gnu-tools-for-stm32.9-2020-q2-update.win32_1.5.0.202011040924/tools/bin/../lib/gcc/arm-none-eabi/9.3.1/../../../../arm-none-eabi/lib/thumb/v7e-m+fp/hard\libc_nano.a(lib_a-nano-vfprintf_i.o)
 *fill*         0x000000000800b8f7        0x1 
 .rodata.halF   0x000000000800b8f8        0x8 c:/st/stm32cubeide_1.4.0/stm32cubeide/plugins/com.st.stm32cube.ide.mcu.externaltools.gnu-tools-for-stm32.9-2020-q2-update.win32_1.5.0.202011040924/tools/bin/../lib/gcc/arm-none-eabi/9.3.1/../../../../arm-none-eabi/lib/thumb/v7e-m+fp/hard\libm.a(lib_a-ef_exp.o)
 .rodata.ln2HI  0x000000000800b900        0x8 c:/st/stm32cubeide_1.4.0/stm32cubeide/plugins/com.st.stm32cube.ide.mcu.externaltools.gnu-tools-for-stm32.9-2020-q2-update.win32_1.5.0.202011040924/tools/bin/../lib/gcc/arm-none-eabi/9.3.1/../../../../arm-none-eabi/lib/thumb/v7e-m+fp/hard\libm.a(lib_a-ef_exp.o)
 .rodata.ln2LO  0x000000000800b908        0x8 c:/st/stm32cubeide_1.4.0/stm32cubeide/plugins/com.st.stm32cube.ide.mcu.externaltools.gnu-tools-for-stm32.9-2020-q2-update.win32_1.5.0.202011040924/tools/bin/../lib/gcc/arm-none-eabi/9.3.1/../../../../arm-none-eabi/lib/thumb/v7e-m+fp/hard\libm.a(lib_a-ef_exp.o)
                0x000000000800b910                . = ALIGN (0x4)

.ARM.extab      0x000000000800b910        0x0
                0x000000000800b910                . = ALIGN (0x4)
 *(.ARM.extab* .gnu.linkonce.armextab.*)
                0x000000000800b910                . = ALIGN (0x4)

.ARM            0x000000000800b910        0x8
                0x000000000800b910                . = ALIGN (0x4)
                0x000000000800b910                __exidx_start = .
 *(.ARM.exidx*)
 .ARM.exidx     0x000000000800b910        0x8 c:/st/stm32cubeide_1.4.0/stm32cubeide/plugins/com.st.stm32cube.ide.mcu.externaltools.gnu-tools-for-stm32.9-2020-q2-update.win32_1.5.0.202011040924/tools/bin/../lib/gcc/arm-none-eabi/9.3.1/thumb/v7e-m+fp/hard\libgcc.a(_udivmoddi4.o)
                0x000000000800b918                __exidx_end = .
                0x000000000800b918                . = ALIGN (0x4)

.rel.dyn        0x000000000800b918        0x0
 .rel.iplt      0x000000000800b918        0x0 c:/st/stm32cubeide_1.4.0/stm32cubeide/plugins/com.st.stm32cube.ide.mcu.externaltools.gnu-tools-for-stm32.9-2020-q2-update.win32_1.5.0.202011040924/tools/bin/../lib/gcc/arm-none-eabi/9.3.1/thumb/v7e-m+fp/hard/crtbegin.o

.preinit_array  0x000000000800b918        0x0
                0x000000000800b918                . = ALIGN (0x4)
                0x000000000800b918                PROVIDE (__preinit_array_start = .)
 *(.preinit_array*)
                0x000000000800b918                PROVIDE (__preinit_array_end = .)
                0x000000000800b918                . = ALIGN (0x4)

.init_array     0x000000000800b918        0x4
                0x000000000800b918                . = ALIGN (0x4)
                0x000000000800b918                PROVIDE (__init_array_start = .)
 *(SORT_BY_NAME(.init_array.*))
 *(.init_array*)
 .init_array    0x000000000800b918        0x4 c:/st/stm32cubeide_1.4.0/stm32cubeide/plugins/com.st.stm32cube.ide.mcu.externaltools.gnu-tools-for-stm32.9-2020-q2-update.win32_1.5.0.202011040924/tools/bin/../lib/gcc/arm-none-eabi/9.3.1/thumb/v7e-m+fp/hard/crtbegin.o
                0x000000000800b91c                PROVIDE (__init_array_end = .)
                0x000000000800b91c                . = ALIGN (0x4)

.fini_array     0x000000000800b91c        0x4
                0x000000000800b91c                . = ALIGN (0x4)
                [!provide]                        PROVIDE (__fini_array_start = .)
 *(SORT_BY_NAME(.fini_array.*))
 *(.fini_array*)
 .fini_array    0x000000000800b91c        0x4 c:/st/stm32cubeide_1.4.0/stm32cubeide/plugins/com.st.stm32cube.ide.mcu.externaltools.gnu-tools-for-stm32.9-2020-q2-update.win32_1.5.0.202011040924/tools/bin/../lib/gcc/arm-none-eabi/9.3.1/thumb/v7e-m+fp/hard/crtbegin.o
                [!provide]                        PROVIDE (__fini_array_end = .)
                0x000000000800b920                . = ALIGN (0x4)
                0x000000000800b920                _sidata = LOADADDR (.data)

.data           0x0000000020000000      0x71c load address 0x000000000800b920
                0x0000000020000000                . = ALIGN (0x4)
                0x0000000020000000                _sdata = .
 *(.data)
 *(.data*)
 .data.SystemCoreClock
                0x0000000020000000        0x4 Core/Src/system_stm32l4xx.o
                0x0000000020000000                SystemCoreClock
 .data.uwTickPrio
                0x0000000020000004        0x4 Drivers/STM32L4xx_HAL_Driver/Src/stm32l4xx_hal.o
                0x0000000020000004                uwTickPrio
 .data.uwTickFreq
                0x0000000020000008        0x1 Drivers/STM32L4xx_HAL_Driver/Src/stm32l4xx_hal.o
                0x0000000020000008                uwTickFreq
 *fill*         0x0000000020000009        0x3 
 .data.input_0_output_array
                0x000000002000000c       0x10 X-CUBE-AI/App/network.o
 .data.dense_55_output_array
                0x000000002000001c       0x10 X-CUBE-AI/App/network.o
 .data.dense_55_nl_output_array
                0x000000002000002c       0x10 X-CUBE-AI/App/network.o
 .data.dense_56_output_array
                0x000000002000003c       0x10 X-CUBE-AI/App/network.o
 .data.dense_56_nl_output_array
                0x000000002000004c       0x10 X-CUBE-AI/App/network.o
 .data.dense_57_output_array
                0x000000002000005c       0x10 X-CUBE-AI/App/network.o
 .data.dense_57_nl_output_array
                0x000000002000006c       0x10 X-CUBE-AI/App/network.o
 .data.dense_55_weights_array
                0x000000002000007c       0x10 X-CUBE-AI/App/network.o
 .data.dense_55_bias_array
                0x000000002000008c       0x10 X-CUBE-AI/App/network.o
 .data.dense_56_weights_array
                0x000000002000009c       0x10 X-CUBE-AI/App/network.o
 .data.dense_56_bias_array
                0x00000000200000ac       0x10 X-CUBE-AI/App/network.o
 .data.dense_57_weights_array
                0x00000000200000bc       0x10 X-CUBE-AI/App/network.o
 .data.dense_57_bias_array
                0x00000000200000cc       0x10 X-CUBE-AI/App/network.o
 .data.__compound_literal.0
                0x00000000200000dc       0x10 X-CUBE-AI/App/network.o
 .data.__compound_literal.1
                0x00000000200000ec       0x10 X-CUBE-AI/App/network.o
 .data.input_0_output
                0x00000000200000fc       0x1c X-CUBE-AI/App/network.o
 .data.__compound_literal.2
                0x0000000020000118       0x10 X-CUBE-AI/App/network.o
 .data.__compound_literal.3
                0x0000000020000128       0x10 X-CUBE-AI/App/network.o
 .data.dense_55_output
                0x0000000020000138       0x1c X-CUBE-AI/App/network.o
 .data.__compound_literal.4
                0x0000000020000154       0x10 X-CUBE-AI/App/network.o
 .data.__compound_literal.5
                0x0000000020000164       0x10 X-CUBE-AI/App/network.o
 .data.dense_55_nl_output
                0x0000000020000174       0x1c X-CUBE-AI/App/network.o
 .data.__compound_literal.6
                0x0000000020000190       0x10 X-CUBE-AI/App/network.o
 .data.__compound_literal.7
                0x00000000200001a0       0x10 X-CUBE-AI/App/network.o
 .data.dense_56_output
                0x00000000200001b0       0x1c X-CUBE-AI/App/network.o
 .data.__compound_literal.8
                0x00000000200001cc       0x10 X-CUBE-AI/App/network.o
 .data.__compound_literal.9
                0x00000000200001dc       0x10 X-CUBE-AI/App/network.o
 .data.dense_56_nl_output
                0x00000000200001ec       0x1c X-CUBE-AI/App/network.o
 .data.__compound_literal.10
                0x0000000020000208       0x10 X-CUBE-AI/App/network.o
 .data.__compound_literal.11
                0x0000000020000218       0x10 X-CUBE-AI/App/network.o
 .data.dense_57_output
                0x0000000020000228       0x1c X-CUBE-AI/App/network.o
 .data.__compound_literal.12
                0x0000000020000244       0x10 X-CUBE-AI/App/network.o
 .data.__compound_literal.13
                0x0000000020000254       0x10 X-CUBE-AI/App/network.o
 .data.dense_57_nl_output
                0x0000000020000264       0x1c X-CUBE-AI/App/network.o
 .data.__compound_literal.14
                0x0000000020000280       0x10 X-CUBE-AI/App/network.o
 .data.__compound_literal.15
                0x0000000020000290       0x10 X-CUBE-AI/App/network.o
 .data.dense_55_weights
                0x00000000200002a0       0x1c X-CUBE-AI/App/network.o
 .data.__compound_literal.16
                0x00000000200002bc       0x10 X-CUBE-AI/App/network.o
 .data.__compound_literal.17
                0x00000000200002cc       0x10 X-CUBE-AI/App/network.o
 .data.dense_55_bias
                0x00000000200002dc       0x1c X-CUBE-AI/App/network.o
 .data.__compound_literal.18
                0x00000000200002f8       0x10 X-CUBE-AI/App/network.o
 .data.__compound_literal.19
                0x0000000020000308       0x10 X-CUBE-AI/App/network.o
 .data.dense_56_weights
                0x0000000020000318       0x1c X-CUBE-AI/App/network.o
 .data.__compound_literal.20
                0x0000000020000334       0x10 X-CUBE-AI/App/network.o
 .data.__compound_literal.21
                0x0000000020000344       0x10 X-CUBE-AI/App/network.o
 .data.dense_56_bias
                0x0000000020000354       0x1c X-CUBE-AI/App/network.o
 .data.__compound_literal.22
                0x0000000020000370       0x10 X-CUBE-AI/App/network.o
 .data.__compound_literal.23
                0x0000000020000380       0x10 X-CUBE-AI/App/network.o
 .data.dense_57_weights
                0x0000000020000390       0x1c X-CUBE-AI/App/network.o
 .data.__compound_literal.24
                0x00000000200003ac       0x10 X-CUBE-AI/App/network.o
 .data.__compound_literal.25
                0x00000000200003bc       0x10 X-CUBE-AI/App/network.o
 .data.dense_57_bias
                0x00000000200003cc       0x1c X-CUBE-AI/App/network.o
 .data.__compound_literal.26
                0x00000000200003e8        0x4 X-CUBE-AI/App/network.o
 .data.__compound_literal.27
                0x00000000200003ec        0x4 X-CUBE-AI/App/network.o
 .data.__compound_literal.30
                0x00000000200003f0       0x30 X-CUBE-AI/App/network.o
 .data.dense_57_nl_layer
                0x0000000020000420       0x20 X-CUBE-AI/App/network.o
 .data.__compound_literal.31
                0x0000000020000440        0x4 X-CUBE-AI/App/network.o
 .data.__compound_literal.32
                0x0000000020000444        0x4 X-CUBE-AI/App/network.o
 .data.__compound_literal.33
                0x0000000020000448        0x8 X-CUBE-AI/App/network.o
 .data.__compound_literal.35
                0x0000000020000450       0x30 X-CUBE-AI/App/network.o
 .data.dense_57_layer
                0x0000000020000480       0x1c X-CUBE-AI/App/network.o
 .data.__compound_literal.36
                0x000000002000049c        0x4 X-CUBE-AI/App/network.o
 .data.__compound_literal.37
                0x00000000200004a0        0x4 X-CUBE-AI/App/network.o
 .data.__compound_literal.40
                0x00000000200004a4       0x30 X-CUBE-AI/App/network.o
 .data.dense_56_nl_layer
                0x00000000200004d4       0x20 X-CUBE-AI/App/network.o
 .data.__compound_literal.41
                0x00000000200004f4        0x4 X-CUBE-AI/App/network.o
 .data.__compound_literal.42
                0x00000000200004f8        0x4 X-CUBE-AI/App/network.o
 .data.__compound_literal.43
                0x00000000200004fc        0x8 X-CUBE-AI/App/network.o
 .data.__compound_literal.45
                0x0000000020000504       0x30 X-CUBE-AI/App/network.o
 .data.dense_56_layer
                0x0000000020000534       0x1c X-CUBE-AI/App/network.o
 .data.__compound_literal.46
                0x0000000020000550        0x4 X-CUBE-AI/App/network.o
 .data.__compound_literal.47
                0x0000000020000554        0x4 X-CUBE-AI/App/network.o
 .data.__compound_literal.50
                0x0000000020000558       0x30 X-CUBE-AI/App/network.o
 .data.dense_55_nl_layer
                0x0000000020000588       0x20 X-CUBE-AI/App/network.o
 .data.__compound_literal.51
                0x00000000200005a8        0x4 X-CUBE-AI/App/network.o
 .data.__compound_literal.52
                0x00000000200005ac        0x4 X-CUBE-AI/App/network.o
 .data.__compound_literal.53
                0x00000000200005b0        0x8 X-CUBE-AI/App/network.o
 .data.__compound_literal.55
                0x00000000200005b8       0x30 X-CUBE-AI/App/network.o
 .data.dense_55_layer
                0x00000000200005e8       0x1c X-CUBE-AI/App/network.o
 .data.__compound_literal.56
                0x0000000020000604       0x18 X-CUBE-AI/App/network.o
 .data.__compound_literal.57
                0x000000002000061c       0x18 X-CUBE-AI/App/network.o
 .data.__compound_literal.58
                0x0000000020000634        0x4 X-CUBE-AI/App/network.o
 .data.__compound_literal.62
                0x0000000020000638        0xc X-CUBE-AI/App/network.o
 .data.__compound_literal.63
                0x0000000020000644        0x4 X-CUBE-AI/App/network.o
 .data.__compound_literal.67
                0x0000000020000648        0xc X-CUBE-AI/App/network.o
 .data.__compound_literal.68
                0x0000000020000654       0x18 X-CUBE-AI/App/network.o
 .data.g_network
                0x000000002000066c       0x48 X-CUBE-AI/App/network.o
 .data._impure_ptr
                0x00000000200006b4        0x4 c:/st/stm32cubeide_1.4.0/stm32cubeide/plugins/com.st.stm32cube.ide.mcu.externaltools.gnu-tools-for-stm32.9-2020-q2-update.win32_1.5.0.202011040924/tools/bin/../lib/gcc/arm-none-eabi/9.3.1/../../../../arm-none-eabi/lib/thumb/v7e-m+fp/hard\libc_nano.a(lib_a-impure.o)
                0x00000000200006b4                _impure_ptr
 .data.impure_data
                0x00000000200006b8       0x60 c:/st/stm32cubeide_1.4.0/stm32cubeide/plugins/com.st.stm32cube.ide.mcu.externaltools.gnu-tools-for-stm32.9-2020-q2-update.win32_1.5.0.202011040924/tools/bin/../lib/gcc/arm-none-eabi/9.3.1/../../../../arm-none-eabi/lib/thumb/v7e-m+fp/hard\libc_nano.a(lib_a-impure.o)
 .data.__fdlib_version
                0x0000000020000718        0x1 c:/st/stm32cubeide_1.4.0/stm32cubeide/plugins/com.st.stm32cube.ide.mcu.externaltools.gnu-tools-for-stm32.9-2020-q2-update.win32_1.5.0.202011040924/tools/bin/../lib/gcc/arm-none-eabi/9.3.1/../../../../arm-none-eabi/lib/thumb/v7e-m+fp/hard\libm.a(lib_a-s_lib_ver.o)
                0x0000000020000718                __fdlib_version
 *(.RamFunc)
 *(.RamFunc*)
                0x000000002000071c                . = ALIGN (0x4)
 *fill*         0x0000000020000719        0x3 
                0x000000002000071c                _edata = .

.igot.plt       0x000000002000071c        0x0 load address 0x000000000800c03c
 .igot.plt      0x000000002000071c        0x0 c:/st/stm32cubeide_1.4.0/stm32cubeide/plugins/com.st.stm32cube.ide.mcu.externaltools.gnu-tools-for-stm32.9-2020-q2-update.win32_1.5.0.202011040924/tools/bin/../lib/gcc/arm-none-eabi/9.3.1/thumb/v7e-m+fp/hard/crtbegin.o
                0x000000002000071c                . = ALIGN (0x4)

.bss            0x000000002000071c      0x4bc load address 0x000000000800c03c
                0x000000002000071c                _sbss = .
                0x000000002000071c                __bss_start__ = _sbss
 *(.bss)
 .bss           0x000000002000071c       0x1c c:/st/stm32cubeide_1.4.0/stm32cubeide/plugins/com.st.stm32cube.ide.mcu.externaltools.gnu-tools-for-stm32.9-2020-q2-update.win32_1.5.0.202011040924/tools/bin/../lib/gcc/arm-none-eabi/9.3.1/thumb/v7e-m+fp/hard/crtbegin.o
 *(.bss*)
 .bss.adc_measurement
                0x0000000020000738        0x4 Core/Src/ai_sharp_sensor.o
 .bss.distance_cm
                0x000000002000073c        0x4 Core/Src/ai_sharp_sensor.o
                0x000000002000073c                distance_cm
 .bss.button_is_pushed
                0x0000000020000740        0x1 Core/Src/ai_sharp_sensor.o
                0x0000000020000740                button_is_pushed
 .bss.adc_data_is_ready
                0x0000000020000741        0x1 Core/Src/ai_sharp_sensor.o
                0x0000000020000741                adc_data_is_ready
 .bss.gesture_is_detected
                0x0000000020000742        0x1 Core/Src/ai_sharp_sensor.o
                0x0000000020000742                gesture_is_detected
 *fill*         0x0000000020000743        0x1 
 .bss.brightness
                0x0000000020000744        0x4 Core/Src/ai_sharp_sensor.o
                0x0000000020000744                brightness
 .bss.time_cnt.11151
                0x0000000020000748        0x4 Core/Src/ai_sharp_sensor.o
 .bss.__sbrk_heap_end
                0x000000002000074c        0x4 Core/Src/sysmem.o
 .bss.network   0x0000000020000750        0x4 X-CUBE-AI/App/app_x-cube-ai.o
 .bss.network_info
                0x0000000020000754       0x74 X-CUBE-AI/App/app_x-cube-ai.o
 .bss.activations
                0x00000000200007c8       0x80 X-CUBE-AI/App/app_x-cube-ai.o
 .bss.cnt.11772
                0x0000000020000848        0x4 X-CUBE-AI/App/app_x-cube-ai.o
 .bss.nn_input.11773
                0x000000002000084c      0x100 X-CUBE-AI/App/app_x-cube-ai.o
 .bss.__compound_literal.28
                0x000000002000094c        0x4 X-CUBE-AI/App/network.o
 .bss.__compound_literal.29
                0x0000000020000950        0x4 X-CUBE-AI/App/network.o
 .bss.__compound_literal.34
                0x0000000020000954        0x4 X-CUBE-AI/App/network.o
 .bss.__compound_literal.38
                0x0000000020000958        0x4 X-CUBE-AI/App/network.o
 .bss.__compound_literal.39
                0x000000002000095c        0x4 X-CUBE-AI/App/network.o
 .bss.__compound_literal.44
                0x0000000020000960        0x4 X-CUBE-AI/App/network.o
 .bss.__compound_literal.48
                0x0000000020000964        0x4 X-CUBE-AI/App/network.o
 .bss.__compound_literal.49
                0x0000000020000968        0x4 X-CUBE-AI/App/network.o
 .bss.__compound_literal.54
                0x000000002000096c        0x4 X-CUBE-AI/App/network.o
 .bss.__compound_literal.59
                0x0000000020000970       0x18 X-CUBE-AI/App/network.o
 .bss.__compound_literal.60
                0x0000000020000988       0x10 X-CUBE-AI/App/network.o
 .bss.__compound_literal.61
                0x0000000020000998        0x8 X-CUBE-AI/App/network.o
 .bss.__compound_literal.64
                0x00000000200009a0       0x18 X-CUBE-AI/App/network.o
 .bss.__compound_literal.65
                0x00000000200009b8       0x10 X-CUBE-AI/App/network.o
 .bss.__compound_literal.66
                0x00000000200009c8        0x8 X-CUBE-AI/App/network.o
 .bss.__malloc_free_list
                0x00000000200009d0        0x4 c:/st/stm32cubeide_1.4.0/stm32cubeide/plugins/com.st.stm32cube.ide.mcu.externaltools.gnu-tools-for-stm32.9-2020-q2-update.win32_1.5.0.202011040924/tools/bin/../lib/gcc/arm-none-eabi/9.3.1/../../../../arm-none-eabi/lib/thumb/v7e-m+fp/hard\libc_nano.a(lib_a-nano-mallocr.o)
                0x00000000200009d0                __malloc_free_list
 .bss.__malloc_sbrk_start
                0x00000000200009d4        0x4 c:/st/stm32cubeide_1.4.0/stm32cubeide/plugins/com.st.stm32cube.ide.mcu.externaltools.gnu-tools-for-stm32.9-2020-q2-update.win32_1.5.0.202011040924/tools/bin/../lib/gcc/arm-none-eabi/9.3.1/../../../../arm-none-eabi/lib/thumb/v7e-m+fp/hard\libc_nano.a(lib_a-nano-mallocr.o)
                0x00000000200009d4                __malloc_sbrk_start